<html>
<body>
<pre>
<h1>礦ision Build Log</h1>
<h2>Tool Versions:</h2>
IDE-Version: μVision V5.15
Copyright (C) 2015 ARM Ltd and ARM Germany GmbH. All rights reserved.
License Information: RE SGF, FGF, LIC=----
 
Tool Versions:
Toolchain:       MDK-Lite  Version: 5.15.0
Toolchain Path:  C:\Keil_v5\ARM\ARMCC\Bin
C Compiler:      Armcc.exe V5.05 update 2 (build 169)
Assembler:       Armasm.exe V5.05 update 2 (build 169)
Linker/Locator:  ArmLink.exe V5.05 update 2 (build 169)
Library Manager: ArmAr.exe V5.05 update 2 (build 169)
Hex Converter:   FromElf.exe V5.05 update 2 (build 169)
CPU DLL:         SARMCM3.DLL V5.15.0
Dialog DLL:      DARMSTM.DLL V1.65.0.0
Target DLL:      Segger\JL2CM3.dll V2.99.15.0
Dialog DLL:      TARMSTM.DLL V1.64.0.0
 
<h2>Project:</h2>
D:\future\科研\别人家的源代码\让四轴飞\旧版 4月\移植匿名飞控-稳定起飞\ANO_FLY\ANO_FLY.uvprojx
Project File Date:  10/14/2015

<h2>Output:</h2>
*** Using Compiler 'V5.05 update 2 (build 169)', folder: 'C:\Keil_v5\ARM\ARMCC\Bin'
Rebuild target 'ANO_FLY'
assembling startup_stm32f10x_md.s...
compiling system_stm32f10x.c...
compiling core_cm3.c...
compiling misc.c...
compiling stm32f10x_gpio.c...
compiling stm32f10x_tim.c...
compiling stm32f10x_usart.c...
compiling stm32f10x_rcc.c...
compiling stm32f10x_spi.c...
compiling stm32f10x_i2c.c...
compiling stm32f10x_flash.c...
compiling stm32f10x_adc.c...
compiling stm32f10x_dma.c...
compiling BSP.c...
BSP\BSP.c(82): warning:  #167-D: argument of type "int16_t *" is incompatible with parameter of type "uint16_t *"
        EE_ReadVariable(VirtAddVarTab[
E_6050_ACC_X_OFFSET_ADDR], &ACC_OFFSET.X);
BSP\BSP.c(83): warning:  #167-D: argument of type "int16_t *" is incompatible with parameter of type "uint16_t *"
        EE_ReadVariable(VirtAddVarTab[
E_6050_ACC_Y_OFFSET_ADDR], &ACC_OFFSET.Y);
BSP\BSP.c(84): warning:  #167-D: argument of type "int16_t *" is incompatible with parameter of type "uint16_t *"
        EE_ReadVariable(VirtAddVarTab[
E_6050_ACC_Z_OFFSET_ADDR], &ACC_OFFSET.Z);
BSP\BSP.c(94): warning:  #167-D: argument of type "int16_t *" is incompatible with parameter of type "uint16_t *"
        EE_ReadVariable(VirtAddVarTab[
E_6050_GYRO_X_OFFSET_ADDR], &GYRO_OFFSET.X);
BSP\BSP.c(95): warning:  #167-D: argument of type "int16_t *" is incompatible with parameter of type "uint16_t *"
        EE_ReadVariable(VirtAddVarTab[
E_6050_GYRO_Y_OFFSET_ADDR], &GYRO_OFFSET.Y);
BSP\BSP.c(96): warning:  #167-D: argument of type "int16_t *" is incompatible with parameter of type "uint16_t *"
        EE_ReadVariable(VirtAddVarTab[
E_6050_GYRO_Z_OFFSET_ADDR], &GYRO_OFFSET.Z);
BSP\BSP.c: 6 warnings, 0 errors
compiling Tim.c...
compiling Usart.c...
compiling Spi.c...
compiling Led.c...
compiling Moto.c...
compiling Nrf24l01.C...
compiling eeprom.c...
compiling ADC.c...
compiling main.c...
compiling stm32f10x_it.c...
compiling I2C_MPU6050.c...
compiling Uart1.c...
compiling Rc.c...
compiling IMU.c...
compiling Control.c...
linking...
Program Size: Code=29764 RO-data=508 RW-data=240 ZI-data=2312  
FromELF: creating hex file...
".\OUT\ANO_FLY.axf" - 0 Error(s), 6 Warning(s).

<h2>Software Packages used:</h2>

Package Vendor: ARM
                http://www.keil.com/pack/ARM.CMSIS.4.3.0.pack
                ARM::CMSIS:CORE:4.1.0
                CMSIS (Cortex Microcontroller Software Interface Standard)
   * Component: CORE Version: 4.1.0

<h2>Collection of Component include folders:</h2>
  D:\future\科研\别人家的源代码\让四轴飞\旧版 4月\移植匿名飞控-稳定起飞\ANO_FLY\RTE
  C:\Keil_v5\ARM\PACK\ARM\CMSIS\4.3.0\CMSIS\Include
  C:\Keil_v5\ARM\PACK\Keil\STM32F1xx_DFP\1.1.0\Device\Include

<h2>Collection of Component Files used:</h2>

   * Component: ARM::CMSIS:CORE:4.1.0
</pre>
</body>
</html>
