Component: ARM Compiler 5.05 update 2 (build 169) Tool: armlink [4d0f33]

==============================================================================

Section Cross References

    startup_stm32f10x_md.o(STACK) refers (Special) to heapauxi.o(.text) for __use_two_region_memory
    startup_stm32f10x_md.o(HEAP) refers (Special) to heapauxi.o(.text) for __use_two_region_memory
    startup_stm32f10x_md.o(RESET) refers (Special) to heapauxi.o(.text) for __use_two_region_memory
    startup_stm32f10x_md.o(RESET) refers to startup_stm32f10x_md.o(STACK) for __initial_sp
    startup_stm32f10x_md.o(RESET) refers to startup_stm32f10x_md.o(.text) for Reset_Handler
    startup_stm32f10x_md.o(RESET) refers to stm32f10x_it.o(.text) for NMI_Handler
    startup_stm32f10x_md.o(.text) refers (Special) to heapauxi.o(.text) for __use_two_region_memory
    startup_stm32f10x_md.o(.text) refers to system_stm32f10x.o(.text) for SystemInit
    startup_stm32f10x_md.o(.text) refers to __main.o(!!!main) for __main
    startup_stm32f10x_md.o(.text) refers to startup_stm32f10x_md.o(HEAP) for Heap_Mem
    startup_stm32f10x_md.o(.text) refers to startup_stm32f10x_md.o(STACK) for Stack_Mem
    system_stm32f10x.o(.text) refers to system_stm32f10x.o(.data) for SystemCoreClock
    stm32f10x_gpio.o(.text) refers to stm32f10x_rcc.o(.text) for RCC_APB2PeriphResetCmd
    stm32f10x_tim.o(.text) refers to stm32f10x_rcc.o(.text) for RCC_APB2PeriphResetCmd
    stm32f10x_usart.o(.text) refers to stm32f10x_rcc.o(.text) for RCC_APB2PeriphResetCmd
    stm32f10x_rcc.o(.text) refers to stm32f10x_rcc.o(.data) for APBAHBPrescTable
    stm32f10x_spi.o(.text) refers to stm32f10x_rcc.o(.text) for RCC_APB2PeriphResetCmd
    stm32f10x_i2c.o(.text) refers to stm32f10x_rcc.o(.text) for RCC_APB1PeriphResetCmd
    stm32f10x_adc.o(.text) refers to stm32f10x_rcc.o(.text) for RCC_APB2PeriphResetCmd
    bsp.o(.text) refers to misc.o(.text) for NVIC_PriorityGroupConfig
    bsp.o(.text) refers to eeprom.o(.text) for EE_Init
    bsp.o(.text) refers to fmul.o(x$fpl$fmul) for __aeabi_fmul
    bsp.o(.text) refers to ffixu.o(x$fpl$ffixu) for __aeabi_f2uiz
    bsp.o(.text) refers to fflt_clz.o(x$fpl$ffltu) for __aeabi_ui2f
    bsp.o(.text) refers to fdiv.o(x$fpl$fdiv) for __aeabi_fdiv
    bsp.o(.text) refers to i2c_mpu6050.o(.data) for ACC_OFFSET
    bsp.o(.text) refers to bsp.o(.data) for VirtAddVarTab
    bsp.o(.text) refers to control.o(.bss) for PID_ROL
    tim.o(.text) refers to stm32f10x_rcc.o(.text) for RCC_APB1PeriphClockCmd
    tim.o(.text) refers to stm32f10x_tim.o(.text) for TIM_DeInit
    usart.o(.text) refers to stm32f10x_rcc.o(.text) for RCC_APB2PeriphClockCmd
    usart.o(.text) refers to stm32f10x_gpio.o(.text) for GPIO_Init
    usart.o(.text) refers to stm32f10x_usart.o(.text) for USART_Init
    usart.o(.text) refers to usart.o(.data) for TxCounter
    usart.o(.text) refers to usart.o(.bss) for TxBuffer
    spi.o(.text) refers to stm32f10x_rcc.o(.text) for RCC_APB2PeriphClockCmd
    spi.o(.text) refers to stm32f10x_gpio.o(.text) for GPIO_Init
    spi.o(.text) refers to stm32f10x_spi.o(.text) for SPI_Init
    led.o(.text) refers to stm32f10x_rcc.o(.text) for RCC_APB2PeriphClockCmd
    led.o(.text) refers to stm32f10x_gpio.o(.text) for GPIO_PinRemapConfig
    moto.o(.text) refers to stm32f10x_rcc.o(.text) for RCC_APB1PeriphClockCmd
    moto.o(.text) refers to stm32f10x_tim.o(.text) for TIM_TimeBaseInit
    moto.o(.text) refers to stm32f10x_gpio.o(.text) for GPIO_Init
    moto.o(.text) refers to system_stm32f10x.o(.data) for SystemCoreClock
    nrf24l01.o(.text) refers to stm32f10x_gpio.o(.text) for GPIO_ResetBits
    nrf24l01.o(.text) refers to spi.o(.text) for Spi_RW
    nrf24l01.o(.text) refers to nrf24l01.o(.data) for TX_ADDRESS
    eeprom.o(.text) refers to stm32f10x_flash.o(.text) for FLASH_ErasePage
    eeprom.o(.text) refers to eeprom.o(.data) for CurWrAddress
    eeprom.o(.text) refers to bsp.o(.data) for VirtAddVarTab
    adc.o(.text) refers to stm32f10x_rcc.o(.text) for RCC_AHBPeriphClockCmd
    adc.o(.text) refers to stm32f10x_gpio.o(.text) for GPIO_Init
    adc.o(.text) refers to stm32f10x_dma.o(.text) for DMA_DeInit
    adc.o(.text) refers to stm32f10x_adc.o(.text) for ADC_Init
    adc.o(.text) refers to adc.o(.data) for ADC_ConvertedValue
    main.o(.text) refers to led.o(.text) for LED_INIT
    main.o(.text) refers to tim.o(.text) for Tim3_Init
    main.o(.text) refers to moto.o(.text) for Moto_Init
    main.o(.text) refers to spi.o(.text) for Spi1_Init
    main.o(.text) refers to bsp.o(.text) for Nvic_Init
    main.o(.text) refers to nrf24l01.o(.text) for Nrf24l01_Init
    main.o(.text) refers to i2c_mpu6050.o(.text) for InitMPU6050
    main.o(.text) refers to adc.o(.text) for ADC1_Init
    main.o(.text) refers to stm32f10x_flash.o(.text) for FLASH_Unlock
    main.o(.text) refers to control.o(.bss) for PID_PIT
    main.o(.text) refers to bsp.o(.data) for SYS_INIT_OK
    stm32f10x_it.o(.text) refers to usart.o(.text) for Uart1_IRQ
[...]
    I2C_delay                                0x08004365   Thumb Code    22  i2c_mpu6050.o(.text)
    .text                                    0x08004684   Section        0  rc.o(.text)
    .text                                    0x08004f8c   Section        0  imu.o(.text)
    .text                                    0x08005694   Section        0  control.o(.text)
    .text                                    0x08005ac0   Section        0  heapauxi.o(.text)
    .text                                    0x08005ac6   Section        0  _rserrno.o(.text)
    .text                                    0x08005adc   Section        8  rt_errno_addr_intlibspace.o(.text)
    .text                                    0x08005ae4   Section        8  libspace.o(.text)
    .text                                    0x08005aec   Section       74  sys_stackheap_outer.o(.text)
    .text                                    0x08005b36   Section        0  exit.o(.text)
    .text                                    0x08005b44   Section        0  sys_exit.o(.text)
    .text                                    0x08005b50   Section        2  use_no_semi.o(.text)
    .text                                    0x08005b52   Section        0  indicate_semi.o(.text)
    i.__ARM_fpclassify                       0x08005b52   Section        0  fpclassify.o(i.__ARM_fpclassify)
    i.__kernel_poly                          0x08005b7a   Section        0  poly.o(i.__kernel_poly)
    i.__mathlib_dbl_infnan                   0x08005c24   Section        0  dunder.o(i.__mathlib_dbl_infnan)
    i.__mathlib_dbl_infnan2                  0x08005c2a   Section        0  dunder.o(i.__mathlib_dbl_infnan2)
    i.__mathlib_dbl_invalid                  0x08005c2e   Section        0  dunder.o(i.__mathlib_dbl_invalid)
    i.__mathlib_dbl_underflow                0x08005c3c   Section        0  dunder.o(i.__mathlib_dbl_underflow)
    i.asin                                   0x08005c4c   Section        0  asin.o(i.asin)
    i.atan                                   0x08005ebc   Section        0  atan.o(i.atan)
    i.atan2                                  0x080060dc   Section        0  atan2.o(i.atan2)
    i.sqrt                                   0x0800625c   Section        0  sqrt.o(i.sqrt)
    x$fpl$d2f                                0x080062a8   Section       98  d2f.o(x$fpl$d2f)
    x$fpl$dadd                               0x0800630c   Section      336  daddsub_clz.o(x$fpl$dadd)
    _dadd1                                   0x0800631d   Thumb Code     0  daddsub_clz.o(x$fpl$dadd)
    x$fpl$dcheck1                            0x0800645c   Section       16  dcheck1.o(x$fpl$dcheck1)
    x$fpl$ddiv                               0x0800646c   Section      688  ddiv.o(x$fpl$ddiv)
    ddiv_entry                               0x08006473   Thumb Code     0  ddiv.o(x$fpl$ddiv)
    x$fpl$dflt                               0x0800671c   Section       46  dflt_clz.o(x$fpl$dflt)
    x$fpl$dmul                               0x0800674c   Section      340  dmul.o(x$fpl$dmul)
    x$fpl$dnaninf                            0x080068a0   Section      156  dnaninf.o(x$fpl$dnaninf)
    x$fpl$dretinf                            0x0800693c   Section       12  dretinf.o(x$fpl$dretinf)
    x$fpl$drsb                               0x08006948   Section       22  daddsub_clz.o(x$fpl$drsb)
    x$fpl$dsqrt                              0x08006960   Section      460  dsqrt_noumaal.o(x$fpl$dsqrt)
    x$fpl$dsub                               0x08006b2c   Section      468  daddsub_clz.o(x$fpl$dsub)
    _dsub1                                   0x08006b3d   Thumb Code     0  daddsub_clz.o(x$fpl$dsub)
    x$fpl$f2d                                0x08006d00   Section       86  f2d.o(x$fpl$f2d)
    x$fpl$fadd                               0x08006d58   Section      196  faddsub_clz.o(x$fpl$fadd)
    _fadd1                                   0x08006d67   Thumb Code     0  faddsub_clz.o(x$fpl$fadd)
    x$fpl$fcmpinf                            0x08006e1c   Section       24  fcmpi.o(x$fpl$fcmpinf)
    x$fpl$fdiv                               0x08006e34   Section      388  fdiv.o(x$fpl$fdiv)
    _fdiv1                                   0x08006e35   Thumb Code     0  fdiv.o(x$fpl$fdiv)
    x$fpl$feqf                               0x08006fb8   Section      104  feqf.o(x$fpl$feqf)
    x$fpl$ffix                               0x08007020   Section       54  ffix.o(x$fpl$ffix)
    x$fpl$ffixu                              0x08007058   Section       62  ffixu.o(x$fpl$ffixu)
    x$fpl$fflt                               0x08007098   Section       48  fflt_clz.o(x$fpl$fflt)
    x$fpl$ffltu                              0x080070c8   Section       38  fflt_clz.o(x$fpl$ffltu)
    x$fpl$fleqf                              0x080070f0   Section      104  fleqf.o(x$fpl$fleqf)
    x$fpl$fmul                               0x08007158   Section      258  fmul.o(x$fpl$fmul)
    x$fpl$fnaninf                            0x0800725a   Section      140  fnaninf.o(x$fpl$fnaninf)
    x$fpl$fretinf                            0x080072e6   Section       10  fretinf.o(x$fpl$fretinf)
    x$fpl$frleqf                             0x080072f0   Section       98  frleqf.o(x$fpl$frleqf)
    x$fpl$fsub                               0x08007354   Section      234  faddsub_clz.o(x$fpl$fsub)
    _fsub1                                   0x08007363   Thumb Code     0  faddsub_clz.o(x$fpl$fsub)
    x$fpl$retnan                             0x0800743e   Section      100  retnan.o(x$fpl$retnan)
    x$fpl$scalbn                             0x080074a2   Section       92  scalbn.o(x$fpl$scalbn)
    x$fpl$trapveneer                         0x080074fe   Section       48  trapv.o(x$fpl$trapveneer)
    x$fpl$usenofp                            0x0800752e   Section        0  usenofp.o(x$fpl$usenofp)
    .constdata                               0x08007530   Section       80  asin.o(.constdata)
    pS                                       0x08007530   Data          48  asin.o(.constdata)
    qS                                       0x08007560   Data          32  asin.o(.constdata)
    .constdata                               0x08007580   Section      152  atan.o(.constdata)
    atanhi                                   0x08007580   Data          32  atan.o(.constdata)
    atanlo                                   0x080075a0   Data          32  atan.o(.constdata)
    aTodd                                    0x080075c0   Data          40  atan.o(.constdata)
    aTeven                                   0x080075e8   Data          48  atan.o(.constdata)
    .constdata                               0x08007618   Section        8  qnan.o(.constdata)
    .data                                    0x20000000   Section       20  system_stm32f10x.o(.data)
    .data                                    0x20000014   Section       20  stm32f10x_rcc.o(.data)
    APBAHBPrescTable                         0x20000014   Data          16  stm32f10x_rcc.o(.data)
    ADCPrescTable                            0x20000024   Data           4  stm32f10x_rcc.o(.data)
    .data                                    0x20000028   Section       34  bsp.o(.data)
    .data                                    0x2000004c   Section        4  tim.o(.data)
    .data                                    0x20000050   Section       10  usart.o(.data)
    .data                                    0x2000005a   Section       10  nrf24l01.o(.data)
    .data                                    0x20000064   Section        8  eeprom.o(.data)
    .data                                    0x2000006c   Section        2  adc.o(.data)
    .data                                    0x2000006e   Section        3  stm32f10x_it.o(.data)
    ms1                                      0x2000006e   Data           1  stm32f10x_it.o(.data)
    ms2                                      0x2000006f   Data           1  stm32f10x_it.o(.data)
    ms100                                    0x20000070   Data           1  stm32f10x_it.o(.data)
    .data                                    0x20000074   Section       57  i2c_mpu6050.o(.data)
    tempgx                                   0x20000090   Data           4  i2c_mpu6050.o(.data)
    tempgy                                   0x20000094   Data           4  i2c_mpu6050.o(.data)
    tempgz                                   0x20000098   Data           4  i2c_mpu6050.o(.data)
    cnt_g                                    0x2000009c   Data           1  i2c_mpu6050.o(.data)
    tempax                                   0x200000a0   Data           4  i2c_mpu6050.o(.data)
    tempay                                   0x200000a4   Data           4  i2c_mpu6050.o(.data)
    tempaz                                   0x200000a8   Data           4  i2c_mpu6050.o(.data)
    cnt_a                                    0x200000ac   Data           1  i2c_mpu6050.o(.data)
    .data                                    0x200000b0   Section       23  rc.o(.data)
    _armed_cnt1                              0x200000c2   Data           2  rc.o(.data)
    _armed_cnt2                              0x200000c4   Data           2  rc.o(.data)
    led2_state                               0x200000c6   Data           1  rc.o(.data)
    .data                                    0x200000c8   Section       37  imu.o(.data)
    filter_cnt                               0x200000ec   Data           1  imu.o(.data)
    .data                                    0x200000ed   Section        1  control.o(.data)
    .bss                                     0x200000f0   Section      319  usart.o(.bss)
    .bss                                     0x2000022f   Section       64  nrf24l01.o(.bss)
    .bss                                     0x2000026f   Section       14  i2c_mpu6050.o(.bss)
    .bss                                     0x2000027e   Section       18  rc.o(.bss)
    .bss                                     0x20000290   Section      168  imu.o(.bss)
    .bss                                     0x20000338   Section       96  control.o(.bss)
    .bss                                     0x20000398   Section       96  libspace.o(.bss)
    HEAP                                     0x200003f8   Section      512  startup_stm32f10x_md.o(HEAP)
    Heap_Mem                                 0x200003f8   Data         512  startup_stm32f10x_md.o(HEAP)
    STACK                                    0x200005f8   Section     1024  startup_stm32f10x_md.o(STACK)
    Stack_Mem                                0x200005f8   Data        1024  startup_stm32f10x_md.o(STACK)
    __initial_sp                             0x200009f8   Data           0  startup_stm32f10x_md.o(STACK)

    Global Symbols

    Symbol Name                              Value     Ov Type        Size  Object(Section)

    BuildAttributes$$THM_ISAv4$P$D$K$B$S$PE$A:L22UL41UL21$X:L11$S22US41US21$IEEE1$IW$USESV6$~STKCKD$USESV7$~SHL$OTIME$ROPI$IEEEX$EBA8$UX$STANDARDLIB$REQ8$PRES8$EABIv2 0x00000000   Number         0  anon$$obj.o ABSOLUTE
    __ARM_use_no_argv                        0x00000000   Number         0  main.o ABSOLUTE
    __ARM_exceptions_init                     - Undefined Weak Reference
    __alloca_initialize                       - Undefined Weak Reference
    __arm_preinit_                            - Undefined Weak Reference
    __cpp_initialize__aeabi_                  - Undefined Weak Reference
    __cxa_finalize                            - Undefined Weak Reference
    __rt_locale                               - Undefined Weak Reference
    __sigvec_lookup                           - Undefined Weak Reference
    _atexit_init                              - Undefined Weak Reference
    _call_atexit_fns                          - Undefined Weak Reference
    _clock_init                               - Undefined Weak Reference
    _fp_trap_init                             - Undefined Weak Reference
    _fp_trap_shutdown                         - Undefined Weak Reference
    _get_lc_collate                           - Undefined Weak Reference
    _get_lc_ctype                             - Undefined Weak Reference
    _get_lc_monetary                          - Undefined Weak Reference
    _get_lc_numeric                           - Undefined Weak Reference
    _get_lc_time                              - Undefined Weak Reference
    _getenv_init                              - Undefined Weak Reference
    _handle_redirection                       - Undefined Weak Reference
    _init_alloc                               - Undefined Weak Reference
    _init_user_alloc                          - Undefined Weak Reference
    _initio                                   - Undefined Weak Reference
    _rand_init                                - Undefined Weak Reference
    _signal_finish                            - Undefined Weak Reference
    _signal_init                              - Undefined Weak Reference
    _terminate_alloc                          - Undefined Weak Reference
    _terminate_user_alloc                     - Undefined Weak Reference
    _terminateio                              - Undefined Weak Reference
    __Vectors_Size                           0x000000ec   Number         0  startup_stm32f10x_md.o ABSOLUTE
    __Vectors                                0x08000000   Data           4  startup_stm32f10x_md.o(RESET)
    __Vectors_End                            0x080000ec   Data           0  startup_stm32f10x_md.o(RESET)
    __main                                   0x080000ed   Thumb Code     8  __main.o(!!!main)
    __scatterload                            0x080000f5   Thumb Code     0  __scatter.o(!!!scatter)
    __scatterload_rt2                        0x080000f5   Thumb Code    44  __scatter.o(!!!scatter)
    __scatterload_rt2_thumb_only             0x080000f5   Thumb Code     0  __scatter.o(!!!scatter)
    __scatterload_null                       0x08000103   Thumb Code     0  __scatter.o(!!!scatter)
    __scatterload_copy                       0x08000129   Thumb Code    26  __scatter_copy.o(!!handler_copy)
    __scatterload_zeroinit                   0x08000145   Thumb Code    28  __scatter_zi.o(!!handler_zi)
    __rt_lib_init                            0x08000161   Thumb Code     0  libinit.o(.ARM.Collect$$libinit$$00000000)
    __rt_lib_init_alloca_1                   0x08000163   Thumb Code     0  libinit2.o(.ARM.Collect$$libinit$$0000002E)
    __rt_lib_init_argv_1                     0x08000163   Thumb Code     0  libinit2.o(.ARM.Collect$$libinit$$0000002C)
    __rt_lib_init_atexit_1                   0x08000163   Thumb Code     0  libinit2.o(.ARM.Collect$$libinit$$0000001B)
    __rt_lib_init_clock_1                    0x08000163   Thumb Code     0  libinit2.o(.ARM.Collect$$libinit$$00000021)
    __rt_lib_init_cpp_1                      0x08000163   Thumb Code     0  libinit2.o(.ARM.Collect$$libinit$$00000032)
    __rt_lib_init_exceptions_1               0x08000163   Thumb Code     0  libinit2.o(.ARM.Collect$$libinit$$00000030)
    __rt_lib_init_fp_1                       0x08000163   Thumb Code     0  libinit2.o(.ARM.Collect$$libinit$$00000002)
    __rt_lib_init_fp_trap_1                  0x08000163   Thumb Code     0  libinit2.o(.ARM.Collect$$libinit$$0000001F)
    __rt_lib_init_getenv_1                   0x08000163   Thumb Code     0  libinit2.o(.ARM.Collect$$libinit$$00000023)
    __rt_lib_init_heap_1                     0x08000163   Thumb Code     0  libinit2.o(.ARM.Collect$$libinit$$0000000A)
    __rt_lib_init_lc_collate_1               0x08000163   Thumb Code     0  libinit2.o(.ARM.Collect$$libinit$$00000011)
    __rt_lib_init_lc_ctype_1                 0x08000163   Thumb Code     0  libinit2.o(.ARM.Collect$$libinit$$00000013)
    __rt_lib_init_lc_monetary_1              0x08000163   Thumb Code     0  libinit2.o(.ARM.Collect$$libinit$$00000015)
    __rt_lib_init_lc_numeric_1               0x08000163   Thumb Code     0  libinit2.o(.ARM.Collect$$libinit$$00000017)
    __rt_lib_init_lc_time_1                  0x08000163   Thumb Code     0  libinit2.o(.ARM.Collect$$libinit$$00000019)
    __rt_lib_init_preinit_1                  0x08000163   Thumb Code     0  libinit2.o(.ARM.Collect$$libinit$$00000004)
    __rt_lib_init_rand_1                     0x08000163   Thumb Code     0  libinit2.o(.ARM.Collect$$libinit$$0000000E)
    __rt_lib_init_return                     0x08000163   Thumb Code     0  libinit2.o(.ARM.Collect$$libinit$$00000033)
    __rt_lib_init_signal_1                   0x08000163   Thumb Code     0  libinit2.o(.ARM.Collect$$libinit$$0000001D)
    __rt_lib_init_stdio_1                    0x08000163   Thumb Code     0  libinit2.o(.ARM.Collect$$libinit$$00000025)
    __rt_lib_init_user_alloc_1               0x08000163   Thumb Code     0  libinit2.o(.ARM.Collect$$libinit$$0000000C)
    __rt_lib_shutdown                        0x08000165   Thumb Code     0  libshutdown.o(.ARM.Collect$$libshutdown$$00000000)
    __rt_lib_shutdown_fp_trap_1              0x08000167   Thumb Code     0  libshutdown2.o(.ARM.Collect$$libshutdown$$00000006)
    __rt_lib_shutdown_heap_1                 0x08000167   Thumb Code     0  libshutdown2.o(.ARM.Collect$$libshutdown$$0000000E)
    __rt_lib_shutdown_return                 0x08000167   Thumb Code     0  libshutdown2.o(.ARM.Collect$$libshutdown$$0000000F)
    __rt_lib_shutdown_signal_1               0x08000167   Thumb Code     0  libshutdown2.o(.ARM.Collect$$libshutdown$$00000009)
    __rt_lib_shutdown_stdio_1                0x08000167   Thumb Code     0  libshutdown2.o(.ARM.Collect$$libshutdown$$00000003)
    __rt_lib_shutdown_user_alloc_1           0x08000167   Thumb Code     0  libshutdown2.o(.ARM.Collect$$libshutdown$$0000000B)
    __rt_entry                               0x08000169   Thumb Code     0  __rtentry.o(.ARM.Collect$$rtentry$$00000000)
    __rt_entry_presh_1                       0x08000169   Thumb Code     0  __rtentry2.o(.ARM.Collect$$rtentry$$00000002)
    __rt_entry_sh                            0x08000169   Thumb Code     0  __rtentry4.o(.ARM.Collect$$rtentry$$00000004)
    __rt_entry_li                            0x0800016f   Thumb Code     0  __rtentry2.o(.ARM.Collect$$rtentry$$0000000A)
    __rt_entry_postsh_1                      0x0800016f   Thumb Code     0  __rtentry2.o(.ARM.Collect$$rtentry$$00000009)
    __rt_entry_main                          0x08000173   Thumb Code     0  __rtentry2.o(.ARM.Collect$$rtentry$$0000000D)
    __rt_entry_postli_1                      0x08000173   Thumb Code     0  __rtentry2.o(.ARM.Collect$$rtentry$$0000000C)
    __rt_exit                                0x0800017b   Thumb Code     0  rtexit.o(.ARM.Collect$$rtexit$$00000000)
    __rt_exit_ls                             0x0800017d   Thumb Code     0  rtexit2.o(.ARM.Collect$$rtexit$$00000003)
    __rt_exit_prels_1                        0x0800017d   Thumb Code     0  rtexit2.o(.ARM.Collect$$rtexit$$00000002)
    __rt_exit_exit                           0x08000181   Thumb Code     0  rtexit2.o(.ARM.Collect$$rtexit$$00000004)
    Reset_Handler                            0x08000189   Thumb Code     8  startup_stm32f10x_md.o(.text)
    ADC1_2_IRQHandler                        0x080001a3   Thumb Code     0  startup_stm32f10x_md.o(.text)
    CAN1_RX1_IRQHandler                      0x080001a3   Thumb Code     0  startup_stm32f10x_md.o(.text)
    CAN1_SCE_IRQHandler                      0x080001a3   Thumb Code     0  startup_stm32f10x_md.o(.text)
    DMA1_Channel1_IRQHandler                 0x080001a3   Thumb Code     0  startup_stm32f10x_md.o(.text)
    DMA1_Channel2_IRQHandler                 0x080001a3   Thumb Code     0  startup_stm32f10x_md.o(.text)
    DMA1_Channel3_IRQHandler                 0x080001a3   Thumb Code     0  startup_stm32f10x_md.o(.text)
    DMA1_Channel4_IRQHandler                 0x080001a3   Thumb Code     0  startup_stm32f10x_md.o(.text)
    DMA1_Channel5_IRQHandler                 0x080001a3   Thumb Code     0  startup_stm32f10x_md.o(.text)
    DMA1_Channel6_IRQHandler                 0x080001a3   Thumb Code     0  startup_stm32f10x_md.o(.text)
    DMA1_Channel7_IRQHandler                 0x080001a3   Thumb Code     0  startup_stm32f10x_md.o(.text)
    EXTI0_IRQHandler                         0x080001a3   Thumb Code     0  startup_stm32f10x_md.o(.text)
    EXTI15_10_IRQHandler                     0x080001a3   Thumb Code     0  startup_stm32f10x_md.o(.text)
    EXTI1_IRQHandler                         0x080001a3   Thumb Code     0  startup_stm32f10x_md.o(.text)
    EXTI2_IRQHandler                         0x080001a3   Thumb Code     0  startup_stm32f10x_md.o(.text)
    EXTI3_IRQHandler                         0x080001a3   Thumb Code     0  startup_stm32f10x_md.o(.text)
    EXTI4_IRQHandler                         0x080001a3   Thumb Code     0  startup_stm32f10x_md.o(.text)
    EXTI9_5_IRQHandler                       0x080001a3   Thumb Code     0  startup_stm32f10x_md.o(.text)
    FLASH_IRQHandler                         0x080001a3   Thumb Code     0  startup_stm32f10x_md.o(.text)
    I2C1_ER_IRQHandler                       0x080001a3   Thumb Code     0  startup_stm32f10x_md.o(.text)
    I2C1_EV_IRQHandler                       0x080001a3   Thumb Code     0  startup_stm32f10x_md.o(.text)
    I2C2_ER_IRQHandler                       0x080001a3   Thumb Code     0  startup_stm32f10x_md.o(.text)
    I2C2_EV_IRQHandler                       0x080001a3   Thumb Code     0  startup_stm32f10x_md.o(.text)
    PVD_IRQHandler                           0x080001a3   Thumb Code     0  startup_stm32f10x_md.o(.text)
    RCC_IRQHandler                           0x080001a3   Thumb Code     0  startup_stm32f10x_md.o(.text)
    RTCAlarm_IRQHandler                      0x080001a3   Thumb Code     0  startup_stm32f10x_md.o(.text)
    RTC_IRQHandler                           0x080001a3   Thumb Code     0  startup_stm32f10x_md.o(.text)
    SPI1_IRQHandler                          0x080001a3   Thumb Code     0  startup_stm32f10x_md.o(.text)
    SPI2_IRQHandler                          0x080001a3   Thumb Code     0  startup_stm32f10x_md.o(.text)
    TAMPER_IRQHandler                        0x080001a3   Thumb Code     0  startup_stm32f10x_md.o(.text)
    TIM1_BRK_IRQHandler                      0x080001a3   Thumb Code     0  startup_stm32f10x_md.o(.text)
    TIM1_CC_IRQHandler                       0x080001a3   Thumb Code     0  startup_stm32f10x_md.o(.text)
    TIM1_TRG_COM_IRQHandler                  0x080001a3   Thumb Code     0  startup_stm32f10x_md.o(.text)
    TIM1_UP_IRQHandler                       0x080001a3   Thumb Code     0  startup_stm32f10x_md.o(.text)
    TIM2_IRQHandler                          0x080001a3   Thumb Code     0  startup_stm32f10x_md.o(.text)
    TIM4_IRQHandler                          0x080001a3   Thumb Code     0  startup_stm32f10x_md.o(.text)
    USART2_IRQHandler                        0x080001a3   Thumb Code     0  startup_stm32f10x_md.o(.text)
    USART3_IRQHandler                        0x080001a3   Thumb Code     0  startup_stm32f10x_md.o(.text)
    USBWakeUp_IRQHandler                     0x080001a3   Thumb Code     0  startup_stm32f10x_md.o(.text)
    USB_HP_CAN1_TX_IRQHandler                0x080001a3   Thumb Code     0  startup_stm32f10x_md.o(.text)
    USB_LP_CAN1_RX0_IRQHandler               0x080001a3   Thumb Code     0  startup_stm32f10x_md.o(.text)
    WWDG_IRQHandler                          0x080001a3   Thumb Code     0  startup_stm32f10x_md.o(.text)
    __user_initial_stackheap                 0x080001a5   Thumb Code     0  startup_stm32f10x_md.o(.text)
    SystemInit                               0x080002a7   Thumb Code    78  system_stm32f10x.o(.text)
    SystemCoreClockUpdate                    0x080002f5   Thumb Code   142  system_stm32f10x.o(.text)
    NVIC_PriorityGroupConfig                 0x080003ad   Thumb Code    10  misc.o(.text)
    NVIC_Init                                0x080003b7   Thumb Code   100  misc.o(.text)
    NVIC_SetVectorTable                      0x0800041b   Thumb Code    14  misc.o(.text)
    NVIC_SystemLPConfig                      0x08000429   Thumb Code    34  misc.o(.text)
    SysTick_CLKSourceConfig                  0x0800044b   Thumb Code    40  misc.o(.text)
    GPIO_DeInit                              0x08000489   Thumb Code   172  stm32f10x_gpio.o(.text)
    GPIO_AFIODeInit                          0x08000535   Thumb Code    20  stm32f10x_gpio.o(.text)
    GPIO_Init                                0x08000549   Thumb Code   278  stm32f10x_gpio.o(.text)
    GPIO_StructInit                          0x0800065f   Thumb Code    16  stm32f10x_gpio.o(.text)
    GPIO_ReadInputDataBit                    0x0800066f   Thumb Code    18  stm32f10x_gpio.o(.text)
    GPIO_ReadInputData                       0x08000681   Thumb Code     8  stm32f10x_gpio.o(.text)
    GPIO_ReadOutputDataBit                   0x08000689   Thumb Code    18  stm32f10x_gpio.o(.text)
    GPIO_ReadOutputData                      0x0800069b   Thumb Code     8  stm32f10x_gpio.o(.text)
    GPIO_SetBits                             0x080006a3   Thumb Code     4  stm32f10x_gpio.o(.text)
    GPIO_ResetBits                           0x080006a7   Thumb Code     4  stm32f10x_gpio.o(.text)
    GPIO_WriteBit                            0x080006ab   Thumb Code    10  stm32f10x_gpio.o(.text)
    GPIO_Write                               0x080006b5   Thumb Code     4  stm32f10x_gpio.o(.text)
    GPIO_PinLockConfig                       0x080006b9   Thumb Code    18  stm32f10x_gpio.o(.text)
    GPIO_EventOutputConfig                   0x080006cb   Thumb Code    26  stm32f10x_gpio.o(.text)
    GPIO_EventOutputCmd                      0x080006e5   Thumb Code     6  stm32f10x_gpio.o(.text)
    GPIO_PinRemapConfig                      0x080006eb   Thumb Code   138  stm32f10x_gpio.o(.text)
    GPIO_EXTILineConfig                      0x08000775   Thumb Code    66  stm32f10x_gpio.o(.text)
    GPIO_ETH_MediaInterfaceConfig            0x080007b7   Thumb Code     8  stm32f10x_gpio.o(.text)
    TIM_DeInit                               0x080007e5   Thumb Code   424  stm32f10x_tim.o(.text)
    TIM_TimeBaseInit                         0x0800098d   Thumb Code   122  stm32f10x_tim.o(.text)
    TIM_OC1Init                              0x08000a07   Thumb Code   132  stm32f10x_tim.o(.text)
    TIM_OC2Init                              0x08000a8b   Thumb Code   154  stm32f10x_tim.o(.text)
    TIM_OC3Init                              0x08000b25   Thumb Code   150  stm32f10x_tim.o(.text)
    TIM_OC4Init                              0x08000bbb   Thumb Code   182  stm32f10x_tim.o(.text)
    TIM_SetIC4Prescaler                      0x08000c71   Thumb Code    26  stm32f10x_tim.o(.text)
    TIM_SetIC3Prescaler                      0x08000d0d   Thumb Code    18  stm32f10x_tim.o(.text)
    TIM_SetIC2Prescaler                      0x08000d99   Thumb Code    26  stm32f10x_tim.o(.text)
    TIM_SetIC1Prescaler                      0x08000e35   Thumb Code    18  stm32f10x_tim.o(.text)
    TIM_ICInit                               0x08000eb3   Thumb Code   150  stm32f10x_tim.o(.text)
    TIM_PWMIConfig                           0x08000f49   Thumb Code   124  stm32f10x_tim.o(.text)
    TIM_BDTRConfig                           0x08000fc5   Thumb Code    32  stm32f10x_tim.o(.text)
    TIM_TimeBaseStructInit                   0x08000fe5   Thumb Code    18  stm32f10x_tim.o(.text)
    TIM_OCStructInit                         0x08000ff7   Thumb Code    20  stm32f10x_tim.o(.text)
    TIM_ICStructInit                         0x0800100b   Thumb Code    18  stm32f10x_tim.o(.text)
    TIM_BDTRStructInit                       0x0800101d   Thumb Code    40  stm32f10x_tim.o(.text)
    TIM_Cmd                                  0x08001045   Thumb Code    24  stm32f10x_tim.o(.text)
    TIM_CtrlPWMOutputs                       0x0800105d   Thumb Code    30  stm32f10x_tim.o(.text)
    TIM_ITConfig                             0x0800107b   Thumb Code    18  stm32f10x_tim.o(.text)
    TIM_GenerateEvent                        0x0800108d   Thumb Code     4  stm32f10x_tim.o(.text)
    TIM_DMAConfig                            0x08001091   Thumb Code    10  stm32f10x_tim.o(.text)
    TIM_DMACmd                               0x0800109b   Thumb Code    18  stm32f10x_tim.o(.text)
    TIM_InternalClockConfig                  0x080010ad   Thumb Code    12  stm32f10x_tim.o(.text)
    TIM_SelectInputTrigger                   0x080010b9   Thumb Code    18  stm32f10x_tim.o(.text)
    TIM_ITRxExternalClockConfig              0x080010cb   Thumb Code    24  stm32f10x_tim.o(.text)
    TIM_TIxExternalClockConfig               0x080010e3   Thumb Code    62  stm32f10x_tim.o(.text)
    TIM_ETRConfig                            0x08001121   Thumb Code    28  stm32f10x_tim.o(.text)
    TIM_ETRClockMode1Config                  0x0800113d   Thumb Code    54  stm32f10x_tim.o(.text)
    TIM_ETRClockMode2Config                  0x08001173   Thumb Code    32  stm32f10x_tim.o(.text)
    TIM_PrescalerConfig                      0x08001193   Thumb Code     6  stm32f10x_tim.o(.text)
    TIM_CounterModeConfig                    0x08001199   Thumb Code    18  stm32f10x_tim.o(.text)
    TIM_EncoderInterfaceConfig               0x080011ab   Thumb Code    66  stm32f10x_tim.o(.text)
    TIM_ForcedOC1Config                      0x080011ed   Thumb Code    18  stm32f10x_tim.o(.text)
    TIM_ForcedOC2Config                      0x080011ff   Thumb Code    26  stm32f10x_tim.o(.text)
    TIM_ForcedOC3Config                      0x08001219   Thumb Code    18  stm32f10x_tim.o(.text)
    TIM_ForcedOC4Config                      0x0800122b   Thumb Code    26  stm32f10x_tim.o(.text)
    TIM_ARRPreloadConfig                     0x08001245   Thumb Code    24  stm32f10x_tim.o(.text)
    TIM_SelectCOM                            0x0800125d   Thumb Code    24  stm32f10x_tim.o(.text)
    TIM_SelectCCDMA                          0x08001275   Thumb Code    24  stm32f10x_tim.o(.text)
    TIM_CCPreloadControl                     0x0800128d   Thumb Code    24  stm32f10x_tim.o(.text)
    TIM_OC1PreloadConfig                     0x080012a5   Thumb Code    18  stm32f10x_tim.o(.text)
    TIM_OC2PreloadConfig                     0x080012b7   Thumb Code    26  stm32f10x_tim.o(.text)
    TIM_OC3PreloadConfig                     0x080012d1   Thumb Code    18  stm32f10x_tim.o(.text)
    TIM_OC4PreloadConfig                     0x080012e3   Thumb Code    26  stm32f10x_tim.o(.text)
    TIM_OC1FastConfig                        0x080012fd   Thumb Code    18  stm32f10x_tim.o(.text)
    TIM_OC2FastConfig                        0x0800130f   Thumb Code    26  stm32f10x_tim.o(.text)
    TIM_OC3FastConfig                        0x08001329   Thumb Code    18  stm32f10x_tim.o(.text)
    TIM_OC4FastConfig                        0x0800133b   Thumb Code    26  stm32f10x_tim.o(.text)
    TIM_ClearOC1Ref                          0x08001355   Thumb Code    18  stm32f10x_tim.o(.text)
    TIM_ClearOC2Ref                          0x08001367   Thumb Code    24  stm32f10x_tim.o(.text)
    TIM_ClearOC3Ref                          0x0800137f   Thumb Code    18  stm32f10x_tim.o(.text)
    TIM_ClearOC4Ref                          0x08001391   Thumb Code    24  stm32f10x_tim.o(.text)
    TIM_OC1PolarityConfig                    0x080013a9   Thumb Code    18  stm32f10x_tim.o(.text)
    TIM_OC1NPolarityConfig                   0x080013bb   Thumb Code    18  stm32f10x_tim.o(.text)
    TIM_OC2PolarityConfig                    0x080013cd   Thumb Code    26  stm32f10x_tim.o(.text)
    TIM_OC2NPolarityConfig                   0x080013e7   Thumb Code    26  stm32f10x_tim.o(.text)
    TIM_OC3PolarityConfig                    0x08001401   Thumb Code    26  stm32f10x_tim.o(.text)
    TIM_OC3NPolarityConfig                   0x0800141b   Thumb Code    26  stm32f10x_tim.o(.text)
    TIM_OC4PolarityConfig                    0x08001435   Thumb Code    26  stm32f10x_tim.o(.text)
    TIM_CCxCmd                               0x0800144f   Thumb Code    30  stm32f10x_tim.o(.text)
    TIM_CCxNCmd                              0x0800146d   Thumb Code    30  stm32f10x_tim.o(.text)
    TIM_SelectOCxM                           0x0800148b   Thumb Code    82  stm32f10x_tim.o(.text)
    TIM_UpdateDisableConfig                  0x080014dd   Thumb Code    24  stm32f10x_tim.o(.text)
    TIM_UpdateRequestConfig                  0x080014f5   Thumb Code    24  stm32f10x_tim.o(.text)
    TIM_SelectHallSensor                     0x0800150d   Thumb Code    24  stm32f10x_tim.o(.text)
    TIM_SelectOnePulseMode                   0x08001525   Thumb Code    18  stm32f10x_tim.o(.text)
    TIM_SelectOutputTrigger                  0x08001537   Thumb Code    18  stm32f10x_tim.o(.text)
    TIM_SelectSlaveMode                      0x08001549   Thumb Code    18  stm32f10x_tim.o(.text)
    TIM_SelectMasterSlaveMode                0x0800155b   Thumb Code    18  stm32f10x_tim.o(.text)
    TIM_SetCounter                           0x0800156d   Thumb Code     4  stm32f10x_tim.o(.text)
    TIM_SetAutoreload                        0x08001571   Thumb Code     4  stm32f10x_tim.o(.text)
    TIM_SetCompare1                          0x08001575   Thumb Code     4  stm32f10x_tim.o(.text)
    TIM_SetCompare2                          0x08001579   Thumb Code     4  stm32f10x_tim.o(.text)
    TIM_SetCompare3                          0x0800157d   Thumb Code     4  stm32f10x_tim.o(.text)
    TIM_SetCompare4                          0x08001581   Thumb Code     6  stm32f10x_tim.o(.text)
    TIM_SetClockDivision                     0x08001587   Thumb Code    18  stm32f10x_tim.o(.text)
    TIM_GetCapture1                          0x08001599   Thumb Code     6  stm32f10x_tim.o(.text)
    TIM_GetCapture2                          0x0800159f   Thumb Code     6  stm32f10x_tim.o(.text)
    TIM_GetCapture3                          0x080015a5   Thumb Code     6  stm32f10x_tim.o(.text)
    TIM_GetCapture4                          0x080015ab   Thumb Code     8  stm32f10x_tim.o(.text)
    TIM_GetCounter                           0x080015b3   Thumb Code     6  stm32f10x_tim.o(.text)
    TIM_GetPrescaler                         0x080015b9   Thumb Code     6  stm32f10x_tim.o(.text)
    TIM_GetFlagStatus                        0x080015bf   Thumb Code    18  stm32f10x_tim.o(.text)
    TIM_ClearFlag                            0x080015d1   Thumb Code     6  stm32f10x_tim.o(.text)
    TIM_GetITStatus                          0x080015d7   Thumb Code    34  stm32f10x_tim.o(.text)
    TIM_ClearITPendingBit                    0x080015f9   Thumb Code     6  stm32f10x_tim.o(.text)
    USART_DeInit                             0x08001601   Thumb Code   134  stm32f10x_usart.o(.text)
    USART_Init                               0x08001687   Thumb Code   210  stm32f10x_usart.o(.text)
    USART_StructInit                         0x08001759   Thumb Code    24  stm32f10x_usart.o(.text)
    USART_ClockInit                          0x08001771   Thumb Code    34  stm32f10x_usart.o(.text)
    USART_ClockStructInit                    0x08001793   Thumb Code    12  stm32f10x_usart.o(.text)
    USART_Cmd                                0x0800179f   Thumb Code    24  stm32f10x_usart.o(.text)
    USART_ITConfig                           0x080017b7   Thumb Code    74  stm32f10x_usart.o(.text)
    USART_DMACmd                             0x08001801   Thumb Code    18  stm32f10x_usart.o(.text)
    USART_SetAddress                         0x08001813   Thumb Code    18  stm32f10x_usart.o(.text)
    USART_WakeUpConfig                       0x08001825   Thumb Code    18  stm32f10x_usart.o(.text)
    USART_ReceiverWakeUpCmd                  0x08001837   Thumb Code    24  stm32f10x_usart.o(.text)
    USART_LINBreakDetectLengthConfig         0x0800184f   Thumb Code    18  stm32f10x_usart.o(.text)
    USART_LINCmd                             0x08001861   Thumb Code    24  stm32f10x_usart.o(.text)
    USART_SendData                           0x08001879   Thumb Code     8  stm32f10x_usart.o(.text)
    USART_ReceiveData                        0x08001881   Thumb Code    10  stm32f10x_usart.o(.text)
    USART_SendBreak                          0x0800188b   Thumb Code    10  stm32f10x_usart.o(.text)
    USART_SetGuardTime                       0x08001895   Thumb Code    16  stm32f10x_usart.o(.text)
    USART_SetPrescaler                       0x080018a5   Thumb Code    16  stm32f10x_usart.o(.text)
    USART_SmartCardCmd                       0x080018b5   Thumb Code    24  stm32f10x_usart.o(.text)
    USART_SmartCardNACKCmd                   0x080018cd   Thumb Code    24  stm32f10x_usart.o(.text)
    USART_HalfDuplexCmd                      0x080018e5   Thumb Code    24  stm32f10x_usart.o(.text)
    USART_OverSampling8Cmd                   0x080018fd   Thumb Code    22  stm32f10x_usart.o(.text)
    USART_OneBitMethodCmd                    0x08001913   Thumb Code    24  stm32f10x_usart.o(.text)
    USART_IrDAConfig                         0x0800192b   Thumb Code    18  stm32f10x_usart.o(.text)
    USART_IrDACmd                            0x0800193d   Thumb Code    24  stm32f10x_usart.o(.text)
    USART_GetFlagStatus                      0x08001955   Thumb Code    26  stm32f10x_usart.o(.text)
    USART_ClearFlag                          0x0800196f   Thumb Code    18  stm32f10x_usart.o(.text)
    USART_GetITStatus                        0x08001981   Thumb Code    84  stm32f10x_usart.o(.text)
    USART_ClearITPendingBit                  0x080019d5   Thumb Code    52  stm32f10x_usart.o(.text)
    RCC_DeInit                               0x08001a09   Thumb Code    64  stm32f10x_rcc.o(.text)
    RCC_HSEConfig                            0x08001a49   Thumb Code    70  stm32f10x_rcc.o(.text)
    RCC_GetFlagStatus                        0x08001a8f   Thumb Code    56  stm32f10x_rcc.o(.text)
    RCC_WaitForHSEStartUp                    0x08001ac7   Thumb Code    56  stm32f10x_rcc.o(.text)
    RCC_AdjustHSICalibrationValue            0x08001aff   Thumb Code    20  stm32f10x_rcc.o(.text)
    RCC_HSICmd                               0x08001b13   Thumb Code     6  stm32f10x_rcc.o(.text)
    RCC_PLLConfig                            0x08001b19   Thumb Code    24  stm32f10x_rcc.o(.text)
    RCC_PLLCmd                               0x08001b31   Thumb Code     6  stm32f10x_rcc.o(.text)
    RCC_SYSCLKConfig                         0x08001b37   Thumb Code    18  stm32f10x_rcc.o(.text)
    RCC_GetSYSCLKSource                      0x08001b49   Thumb Code    10  stm32f10x_rcc.o(.text)
    RCC_HCLKConfig                           0x08001b53   Thumb Code    18  stm32f10x_rcc.o(.text)
    RCC_PCLK1Config                          0x08001b65   Thumb Code    18  stm32f10x_rcc.o(.text)
    RCC_PCLK2Config                          0x08001b77   Thumb Code    20  stm32f10x_rcc.o(.text)
    RCC_ITConfig                             0x08001b8b   Thumb Code    26  stm32f10x_rcc.o(.text)
    RCC_USBCLKConfig                         0x08001ba5   Thumb Code     8  stm32f10x_rcc.o(.text)
    RCC_ADCCLKConfig                         0x08001bad   Thumb Code    18  stm32f10x_rcc.o(.text)
    RCC_LSEConfig                            0x08001bbf   Thumb Code    50  stm32f10x_rcc.o(.text)
    RCC_LSICmd                               0x08001bf1   Thumb Code     6  stm32f10x_rcc.o(.text)
    RCC_RTCCLKConfig                         0x08001bf7   Thumb Code    12  stm32f10x_rcc.o(.text)
    RCC_RTCCLKCmd                            0x08001c03   Thumb Code     8  stm32f10x_rcc.o(.text)
    RCC_GetClocksFreq                        0x08001c0b   Thumb Code   192  stm32f10x_rcc.o(.text)
    RCC_AHBPeriphClockCmd                    0x08001ccb   Thumb Code    26  stm32f10x_rcc.o(.text)
    RCC_APB2PeriphClockCmd                   0x08001ce5   Thumb Code    26  stm32f10x_rcc.o(.text)
    RCC_APB1PeriphClockCmd                   0x08001cff   Thumb Code    26  stm32f10x_rcc.o(.text)
    RCC_APB2PeriphResetCmd                   0x08001d19   Thumb Code    26  stm32f10x_rcc.o(.text)
    RCC_APB1PeriphResetCmd                   0x08001d33   Thumb Code    26  stm32f10x_rcc.o(.text)
    RCC_BackupResetCmd                       0x08001d4d   Thumb Code     8  stm32f10x_rcc.o(.text)
    RCC_ClockSecuritySystemCmd               0x08001d55   Thumb Code     6  stm32f10x_rcc.o(.text)
    RCC_MCOConfig                            0x08001d5b   Thumb Code     6  stm32f10x_rcc.o(.text)
    RCC_ClearFlag                            0x08001d61   Thumb Code    14  stm32f10x_rcc.o(.text)
    RCC_GetITStatus                          0x08001d6f   Thumb Code    20  stm32f10x_rcc.o(.text)
    RCC_ClearITPendingBit                    0x08001d83   Thumb Code     6  stm32f10x_rcc.o(.text)
    SPI_I2S_DeInit                           0x08001db1   Thumb Code    76  stm32f10x_spi.o(.text)
    SPI_Init                                 0x08001dfd   Thumb Code    60  stm32f10x_spi.o(.text)
    I2S_Init                                 0x08001e39   Thumb Code   226  stm32f10x_spi.o(.text)
    SPI_StructInit                           0x08001f1b   Thumb Code    24  stm32f10x_spi.o(.text)
    I2S_StructInit                           0x08001f33   Thumb Code    20  stm32f10x_spi.o(.text)
    SPI_Cmd                                  0x08001f47   Thumb Code    24  stm32f10x_spi.o(.text)
    I2S_Cmd                                  0x08001f5f   Thumb Code    24  stm32f10x_spi.o(.text)
    SPI_I2S_ITConfig                         0x08001f77   Thumb Code    32  stm32f10x_spi.o(.text)
    SPI_I2S_DMACmd                           0x08001f97   Thumb Code    18  stm32f10x_spi.o(.text)
    SPI_I2S_SendData                         0x08001fa9   Thumb Code     4  stm32f10x_spi.o(.text)
    SPI_I2S_ReceiveData                      0x08001fad   Thumb Code     6  stm32f10x_spi.o(.text)
    SPI_NSSInternalSoftwareConfig            0x08001fb3   Thumb Code    30  stm32f10x_spi.o(.text)
    SPI_SSOutputCmd                          0x08001fd1   Thumb Code    24  stm32f10x_spi.o(.text)
    SPI_DataSizeConfig                       0x08001fe9   Thumb Code    18  stm32f10x_spi.o(.text)
    SPI_TransmitCRC                          0x08001ffb   Thumb Code    10  stm32f10x_spi.o(.text)
    SPI_CalculateCRC                         0x08002005   Thumb Code    24  stm32f10x_spi.o(.text)
    SPI_GetCRC                               0x0800201d   Thumb Code    16  stm32f10x_spi.o(.text)
    SPI_GetCRCPolynomial                     0x0800202d   Thumb Code     6  stm32f10x_spi.o(.text)
    SPI_BiDirectionalLineConfig              0x08002033   Thumb Code    28  stm32f10x_spi.o(.text)
    SPI_I2S_GetFlagStatus                    0x0800204f   Thumb Code    18  stm32f10x_spi.o(.text)
    SPI_I2S_ClearFlag                        0x08002061   Thumb Code     6  stm32f10x_spi.o(.text)
    SPI_I2S_GetITStatus                      0x08002067   Thumb Code    52  stm32f10x_spi.o(.text)
    SPI_I2S_ClearITPendingBit                0x0800209b   Thumb Code    20  stm32f10x_spi.o(.text)
    FLASH_SetLatency                         0x080020bd   Thumb Code    18  stm32f10x_flash.o(.text)
    FLASH_HalfCycleAccessCmd                 0x080020cf   Thumb Code    22  stm32f10x_flash.o(.text)
    FLASH_PrefetchBufferCmd                  0x080020e5   Thumb Code    22  stm32f10x_flash.o(.text)
    FLASH_Unlock                             0x080020fb   Thumb Code    12  stm32f10x_flash.o(.text)
    FLASH_UnlockBank1                        0x08002107   Thumb Code    12  stm32f10x_flash.o(.text)
    FLASH_Lock                               0x08002113   Thumb Code    14  stm32f10x_flash.o(.text)
    FLASH_LockBank1                          0x08002121   Thumb Code    14  stm32f10x_flash.o(.text)
    FLASH_GetBank1Status                     0x0800212f   Thumb Code    48  stm32f10x_flash.o(.text)
    FLASH_WaitForLastOperation               0x0800215f   Thumb Code    38  stm32f10x_flash.o(.text)
    FLASH_ErasePage                          0x08002185   Thumb Code    72  stm32f10x_flash.o(.text)
    FLASH_EraseAllPages                      0x080021cd   Thumb Code    68  stm32f10x_flash.o(.text)
    FLASH_WaitForLastBank1Operation          0x08002211   Thumb Code    38  stm32f10x_flash.o(.text)
    FLASH_EraseAllBank1Pages                 0x08002237   Thumb Code    68  stm32f10x_flash.o(.text)
    FLASH_GetReadOutProtectionStatus         0x0800227b   Thumb Code    20  stm32f10x_flash.o(.text)
    FLASH_EraseOptionBytes                   0x0800228f   Thumb Code   150  stm32f10x_flash.o(.text)
    FLASH_ProgramWord                        0x08002325   Thumb Code   102  stm32f10x_flash.o(.text)
    FLASH_ProgramHalfWord                    0x0800238b   Thumb Code    60  stm32f10x_flash.o(.text)
    FLASH_ProgramOptionByteData              0x080023c7   Thumb Code    72  stm32f10x_flash.o(.text)
    FLASH_EnableWriteProtection              0x0800240f   Thumb Code   200  stm32f10x_flash.o(.text)
    FLASH_ReadOutProtection                  0x080024d7   Thumb Code   156  stm32f10x_flash.o(.text)
    FLASH_UserOptionByteConfig               0x08002573   Thumb Code    88  stm32f10x_flash.o(.text)
    FLASH_GetUserOptionByte                  0x080025cb   Thumb Code     8  stm32f10x_flash.o(.text)
    FLASH_GetWriteProtectionOptionByte       0x080025d3   Thumb Code     6  stm32f10x_flash.o(.text)
    FLASH_GetPrefetchBufferStatus            0x080025d9   Thumb Code    20  stm32f10x_flash.o(.text)
    FLASH_ITConfig                           0x080025ed   Thumb Code    26  stm32f10x_flash.o(.text)
    FLASH_GetFlagStatus                      0x08002607   Thumb Code    42  stm32f10x_flash.o(.text)
    FLASH_ClearFlag                          0x08002631   Thumb Code     6  stm32f10x_flash.o(.text)
    FLASH_GetStatus                          0x08002637   Thumb Code    48  stm32f10x_flash.o(.text)
    ADC_DeInit                               0x08002679   Thumb Code    78  stm32f10x_adc.o(.text)
    ADC_Init                                 0x080026c7   Thumb Code    70  stm32f10x_adc.o(.text)
    ADC_StructInit                           0x0800270d   Thumb Code    18  stm32f10x_adc.o(.text)
    ADC_Cmd                                  0x0800271f   Thumb Code    22  stm32f10x_adc.o(.text)
    ADC_DMACmd                               0x08002735   Thumb Code    22  stm32f10x_adc.o(.text)
    ADC_ITConfig                             0x0800274b   Thumb Code    24  stm32f10x_adc.o(.text)
    ADC_ResetCalibration                     0x08002763   Thumb Code    10  stm32f10x_adc.o(.text)
    ADC_GetResetCalibrationStatus            0x0800276d   Thumb Code    20  stm32f10x_adc.o(.text)
    ADC_StartCalibration                     0x08002781   Thumb Code    10  stm32f10x_adc.o(.text)
    ADC_GetCalibrationStatus                 0x0800278b   Thumb Code    20  stm32f10x_adc.o(.text)
    ADC_SoftwareStartConvCmd                 0x0800279f   Thumb Code    22  stm32f10x_adc.o(.text)
    ADC_GetSoftwareStartConvStatus           0x080027b5   Thumb Code    20  stm32f10x_adc.o(.text)
    ADC_DiscModeChannelCountConfig           0x080027c9   Thumb Code    24  stm32f10x_adc.o(.text)
    ADC_DiscModeCmd                          0x080027e1   Thumb Code    22  stm32f10x_adc.o(.text)
    ADC_RegularChannelConfig                 0x080027f7   Thumb Code   184  stm32f10x_adc.o(.text)
    ADC_ExternalTrigConvCmd                  0x080028af   Thumb Code    22  stm32f10x_adc.o(.text)
    ADC_GetConversionValue                   0x080028c5   Thumb Code     8  stm32f10x_adc.o(.text)
    ADC_GetDualModeConversionValue           0x080028cd   Thumb Code     8  stm32f10x_adc.o(.text)
    ADC_AutoInjectedConvCmd                  0x080028d5   Thumb Code    22  stm32f10x_adc.o(.text)
    ADC_InjectedDiscModeCmd                  0x080028eb   Thumb Code    22  stm32f10x_adc.o(.text)
    ADC_ExternalTrigInjectedConvConfig       0x08002901   Thumb Code    16  stm32f10x_adc.o(.text)
    ADC_ExternalTrigInjectedConvCmd          0x08002911   Thumb Code    22  stm32f10x_adc.o(.text)
    ADC_SoftwareStartInjectedConvCmd         0x08002927   Thumb Code    22  stm32f10x_adc.o(.text)
    ADC_GetSoftwareStartInjectedConvCmdStatus 0x0800293d   Thumb Code    20  stm32f10x_adc.o(.text)
    ADC_InjectedChannelConfig                0x08002951   Thumb Code   130  stm32f10x_adc.o(.text)
    ADC_InjectedSequencerLengthConfig        0x080029d3   Thumb Code    24  stm32f10x_adc.o(.text)
    ADC_SetInjectedOffset                    0x080029eb   Thumb Code    20  stm32f10x_adc.o(.text)
    ADC_GetInjectedConversionValue           0x080029ff   Thumb Code    28  stm32f10x_adc.o(.text)
    ADC_AnalogWatchdogCmd                    0x08002a1b   Thumb Code    16  stm32f10x_adc.o(.text)
    ADC_AnalogWatchdogThresholdsConfig       0x08002a2b   Thumb Code     6  stm32f10x_adc.o(.text)
    ADC_AnalogWatchdogSingleChannelConfig    0x08002a31   Thumb Code    16  stm32f10x_adc.o(.text)
    ADC_TempSensorVrefintCmd                 0x08002a41   Thumb Code    64  stm32f10x_adc.o(.text)
    ADC_GetFlagStatus                        0x08002a81   Thumb Code    18  stm32f10x_adc.o(.text)
    ADC_ClearFlag                            0x08002a93   Thumb Code     6  stm32f10x_adc.o(.text)
    ADC_GetITStatus                          0x08002a99   Thumb Code    36  stm32f10x_adc.o(.text)
    ADC_ClearITPendingBit                    0x08002abd   Thumb Code    10  stm32f10x_adc.o(.text)
    DMA_DeInit                               0x08002ac9   Thumb Code   324  stm32f10x_dma.o(.text)
    DMA_Init                                 0x08002c0d   Thumb Code    60  stm32f10x_dma.o(.text)
    DMA_StructInit                           0x08002c49   Thumb Code    26  stm32f10x_dma.o(.text)
    DMA_Cmd                                  0x08002c63   Thumb Code    24  stm32f10x_dma.o(.text)
    DMA_ITConfig                             0x08002c7b   Thumb Code    18  stm32f10x_dma.o(.text)
    DMA_SetCurrDataCounter                   0x08002c8d   Thumb Code     4  stm32f10x_dma.o(.text)
    DMA_GetCurrDataCounter                   0x08002c91   Thumb Code     8  stm32f10x_dma.o(.text)
    DMA_GetFlagStatus                        0x08002c99   Thumb Code    40  stm32f10x_dma.o(.text)
    DMA_ClearFlag                            0x08002cc1   Thumb Code    22  stm32f10x_dma.o(.text)
    DMA_GetITStatus                          0x08002cd7   Thumb Code    40  stm32f10x_dma.o(.text)
    DMA_ClearITPendingBit                    0x08002cff   Thumb Code    22  stm32f10x_dma.o(.text)
    Nvic_Init                                0x08002d1d   Thumb Code    68  bsp.o(.text)
    EE_INIT                                  0x08002d61   Thumb Code     8  bsp.o(.text)
    EE_SAVE_ACC_OFFSET                       0x08002d69   Thumb Code    46  bsp.o(.text)
    EE_READ_ACC_OFFSET                       0x08002d97   Thumb Code    38  bsp.o(.text)
    EE_SAVE_GYRO_OFFSET                      0x08002dbd   Thumb Code    46  bsp.o(.text)
    EE_READ_GYRO_OFFSET                      0x08002deb   Thumb Code    38  bsp.o(.text)
    EE_SAVE_PID                              0x08002e11   Thumb Code   256  bsp.o(.text)
    EE_READ_PID                              0x08002f11   Thumb Code   274  bsp.o(.text)
    Tim3_Init                                0x08003041   Thumb Code    74  tim.o(.text)
    delay_ms                                 0x0800308b   Thumb Code    48  tim.o(.text)
    Uart1_Init                               0x080030c1   Thumb Code   168  usart.o(.text)
    Uart1_IRQ                                0x08003169   Thumb Code   210  usart.o(.text)
    Uart1_Put_Char                           0x0800323b   Thumb Code    36  usart.o(.text)
    Uart1_Put_Int16                          0x0800325f   Thumb Code    74  usart.o(.text)
    Uart1_Put_Float                          0x080032a9   Thumb Code   132  usart.o(.text)
    Uart1_Put_String                         0x0800332d   Thumb Code    46  usart.o(.text)
    Spi1_Init                                0x08003389   Thumb Code   212  spi.o(.text)
    Spi_RW                                   0x0800345d   Thumb Code    50  spi.o(.text)
    Delay_ms_led                             0x0800349d   Thumb Code    30  led.o(.text)
    LED_INIT                                 0x080034bb   Thumb Code   146  led.o(.text)
    LED_FLASH                                0x0800354d   Thumb Code   148  led.o(.text)
    Moto_PwmRflash                           0x080035ed   Thumb Code    82  moto.o(.text)
    Tim2_init                                0x0800363f   Thumb Code   174  moto.o(.text)
    Moto_Init                                0x080036ed   Thumb Code    42  moto.o(.text)
    NRF_Write_Reg                            0x08003729   Thumb Code    40  nrf24l01.o(.text)
    NRF_Read_Reg                             0x08003751   Thumb Code    38  nrf24l01.o(.text)
    NRF_Write_Buf                            0x08003777   Thumb Code    58  nrf24l01.o(.text)
    NRF_Read_Buf                             0x080037b1   Thumb Code    60  nrf24l01.o(.text)
    NRF_TxPacket                             0x080037ed   Thumb Code    44  nrf24l01.o(.text)
    NRF_TxPacket_AP                          0x08003819   Thumb Code    34  nrf24l01.o(.text)
    Nrf24l01_Check                           0x0800383b   Thumb Code    62  nrf24l01.o(.text)
    Nrf24l01_Init                            0x08003879   Thumb Code   238  nrf24l01.o(.text)
    InitCurrWrAddress                        0x080039c9   Thumb Code    92  eeprom.o(.text)
    EE_ReadVariable                          0x08003ad3   Thumb Code    88  eeprom.o(.text)
    __EE_Init                                0x08003b2b   Thumb Code   488  eeprom.o(.text)
    EE_Init                                  0x08003d13   Thumb Code    16  eeprom.o(.text)
    EE_WriteVariable                         0x08003e1d   Thumb Code    36  eeprom.o(.text)
    ADC1_Init                                0x08003f45   Thumb Code    12  adc.o(.text)
    SYS_INIT                                 0x08003f61   Thumb Code   100  main.o(.text)
    main                                     0x08003fc5   Thumb Code    20  main.o(.text)
    USART1_IRQHandler                        0x08003ff5   Thumb Code     8  stm32f10x_it.o(.text)
    TIM3_IRQHandler                          0x08003ffd   Thumb Code   208  stm32f10x_it.o(.text)
    NMI_Handler                              0x080040cd   Thumb Code     2  stm32f10x_it.o(.text)
    HardFault_Handler                        0x080040cf   Thumb Code     4  stm32f10x_it.o(.text)
    MemManage_Handler                        0x080040d3   Thumb Code     4  stm32f10x_it.o(.text)
    BusFault_Handler                         0x080040d7   Thumb Code     4  stm32f10x_it.o(.text)
    UsageFault_Handler                       0x080040db   Thumb Code     4  stm32f10x_it.o(.text)
    SVC_Handler                              0x080040df   Thumb Code     2  stm32f10x_it.o(.text)
    DebugMon_Handler                         0x080040e1   Thumb Code     2  stm32f10x_it.o(.text)
    PendSV_Handler                           0x080040e3   Thumb Code     2  stm32f10x_it.o(.text)
    SysTick_Handler                          0x080040e5   Thumb Code     2  stm32f10x_it.o(.text)
    Delay_ms_mpu                             0x08004125   Thumb Code    20  i2c_mpu6050.o(.text)
    MPU6050_Dataanl                          0x08004139   Thumb Code   498  i2c_mpu6050.o(.text)
    SDA_IOOUT                                0x0800432b   Thumb Code    32  i2c_mpu6050.o(.text)
    SDA_IOIN                                 0x0800434b   Thumb Code    26  i2c_mpu6050.o(.text)
    I2C_Start                                0x0800437b   Thumb Code    60  i2c_mpu6050.o(.text)
    I2C_Stop                                 0x080043b7   Thumb Code    60  i2c_mpu6050.o(.text)
    I2C_SlaveAck                             0x080043f3   Thumb Code   100  i2c_mpu6050.o(.text)
    I2C_WriteByte                            0x08004457   Thumb Code    98  i2c_mpu6050.o(.text)
    I2C_ReadByte                             0x080044b9   Thumb Code   148  i2c_mpu6050.o(.text)
    Single_WriteI2C                          0x0800454d   Thumb Code    34  i2c_mpu6050.o(.text)
    Single_ReadI2C                           0x0800456f   Thumb Code    48  i2c_mpu6050.o(.text)
    GetData                                  0x0800459f   Thumb Code    28  i2c_mpu6050.o(.text)
    InitMPU6050                              0x080045bb   Thumb Code    74  i2c_mpu6050.o(.text)
    MPU6050_Read                             0x08004605   Thumb Code   124  i2c_mpu6050.o(.text)
    RC_FUN                                   0x08004685   Thumb Code   132  rc.o(.text)
    NRF_Send_PID                             0x08004709   Thumb Code   360  rc.o(.text)
    NRF_Send_OFFSET                          0x08004871   Thumb Code   126  rc.o(.text)
    NRF_Send_ARMED                           0x080048ef   Thumb Code    68  rc.o(.text)
    NRF_DataAnl                              0x08004933   Thumb Code   876  rc.o(.text)
    Nrf_Check_Event                          0x08004c9f   Thumb Code   112  rc.o(.text)
    NRF_Send_AF                              0x08004d0f   Thumb Code   250  rc.o(.text)
    NRF_Send_AE                              0x08004e09   Thumb Code   376  rc.o(.text)
    Prepare_Data                             0x08004f8d   Thumb Code   228  imu.o(.text)
    IMUupdate                                0x08005071   Thumb Code  1380  imu.o(.text)
    Get_Attitude                             0x080055d5   Thumb Code   142  imu.o(.text)
    Get_MxMi                                 0x08005695   Thumb Code    40  control.o(.text)
    CONTROL                                  0x080056bd   Thumb Code   978  control.o(.text)
    __use_two_region_memory                  0x08005ac1   Thumb Code     2  heapauxi.o(.text)
    __rt_heap_escrow$2region                 0x08005ac3   Thumb Code     2  heapauxi.o(.text)
    __rt_heap_expand$2region                 0x08005ac5   Thumb Code     2  heapauxi.o(.text)
    __read_errno                             0x08005ac7   Thumb Code    10  _rserrno.o(.text)
    __set_errno                              0x08005ad1   Thumb Code    12  _rserrno.o(.text)
    __aeabi_errno_addr                       0x08005add   Thumb Code     8  rt_errno_addr_intlibspace.o(.text)
    __errno$intlibspace                      0x08005add   Thumb Code     0  rt_errno_addr_intlibspace.o(.text)
    __rt_errno_addr$intlibspace              0x08005add   Thumb Code     0  rt_errno_addr_intlibspace.o(.text)
    __user_libspace                          0x08005ae5   Thumb Code     8  libspace.o(.text)
    __user_perproc_libspace                  0x08005ae5   Thumb Code     0  libspace.o(.text)
    __user_perthread_libspace                0x08005ae5   Thumb Code     0  libspace.o(.text)
    __user_setup_stackheap                   0x08005aed   Thumb Code    74  sys_stackheap_outer.o(.text)
    exit                                     0x08005b37   Thumb Code    12  exit.o(.text)
    _sys_exit                                0x08005b45   Thumb Code     8  sys_exit.o(.text)
    __I$use$semihosting                      0x08005b51   Thumb Code     0  use_no_semi.o(.text)
    __use_no_semihosting_swi                 0x08005b51   Thumb Code     2  use_no_semi.o(.text)
    __ARM_fpclassify                         0x08005b53   Thumb Code    40  fpclassify.o(i.__ARM_fpclassify)
    __semihosting_library_function           0x08005b53   Thumb Code     0  indicate_semi.o(.text)
    __kernel_poly                            0x08005b7b   Thumb Code   170  poly.o(i.__kernel_poly)
    __mathlib_dbl_infnan                     0x08005c25   Thumb Code     6  dunder.o(i.__mathlib_dbl_infnan)
    __mathlib_dbl_infnan2                    0x08005c2b   Thumb Code     4  dunder.o(i.__mathlib_dbl_infnan2)
    __mathlib_dbl_invalid                    0x08005c2f   Thumb Code    12  dunder.o(i.__mathlib_dbl_invalid)
    __mathlib_dbl_underflow                  0x08005c3d   Thumb Code    10  dunder.o(i.__mathlib_dbl_underflow)
    asin                                     0x08005c4d   Thumb Code   572  asin.o(i.asin)
    atan                                     0x08005ebd   Thumb Code   474  atan.o(i.atan)
    atan2                                    0x080060dd   Thumb Code   346  atan2.o(i.atan2)
    sqrt                                     0x0800625d   Thumb Code    76  sqrt.o(i.sqrt)
    __aeabi_d2f                              0x080062a9   Thumb Code     0  d2f.o(x$fpl$d2f)
    _d2f                                     0x080062a9   Thumb Code    98  d2f.o(x$fpl$d2f)
    __aeabi_dadd                             0x0800630d   Thumb Code     0  daddsub_clz.o(x$fpl$dadd)
    _dadd                                    0x0800630d   Thumb Code   332  daddsub_clz.o(x$fpl$dadd)
    __fpl_dcheck_NaN1                        0x0800645d   Thumb Code    10  dcheck1.o(x$fpl$dcheck1)
    __aeabi_ddiv                             0x0800646d   Thumb Code     0  ddiv.o(x$fpl$ddiv)
    _ddiv                                    0x0800646d   Thumb Code   552  ddiv.o(x$fpl$ddiv)
    __aeabi_i2d                              0x0800671d   Thumb Code     0  dflt_clz.o(x$fpl$dflt)
    _dflt                                    0x0800671d   Thumb Code    46  dflt_clz.o(x$fpl$dflt)
    __aeabi_dmul                             0x0800674d   Thumb Code     0  dmul.o(x$fpl$dmul)
    _dmul                                    0x0800674d   Thumb Code   332  dmul.o(x$fpl$dmul)
    __fpl_dnaninf                            0x080068a1   Thumb Code   156  dnaninf.o(x$fpl$dnaninf)
    __fpl_dretinf                            0x0800693d   Thumb Code    12  dretinf.o(x$fpl$dretinf)
    __aeabi_drsub                            0x08006949   Thumb Code     0  daddsub_clz.o(x$fpl$drsb)
    _drsb                                    0x08006949   Thumb Code    22  daddsub_clz.o(x$fpl$drsb)
    _dsqrt                                   0x08006961   Thumb Code   456  dsqrt_noumaal.o(x$fpl$dsqrt)
    __aeabi_dsub                             0x08006b2d   Thumb Code     0  daddsub_clz.o(x$fpl$dsub)
    _dsub                                    0x08006b2d   Thumb Code   464  daddsub_clz.o(x$fpl$dsub)
    __aeabi_f2d                              0x08006d01   Thumb Code     0  f2d.o(x$fpl$f2d)
    _f2d                                     0x08006d01   Thumb Code    86  f2d.o(x$fpl$f2d)
    __aeabi_fadd                             0x08006d59   Thumb Code     0  faddsub_clz.o(x$fpl$fadd)
    _fadd                                    0x08006d59   Thumb Code   196  faddsub_clz.o(x$fpl$fadd)
    __fpl_fcmp_Inf                           0x08006e1d   Thumb Code    24  fcmpi.o(x$fpl$fcmpinf)
    __aeabi_fdiv                             0x08006e35   Thumb Code     0  fdiv.o(x$fpl$fdiv)
    _fdiv                                    0x08006e35   Thumb Code   384  fdiv.o(x$fpl$fdiv)
    __aeabi_cfcmpeq                          0x08006fb9   Thumb Code     0  feqf.o(x$fpl$feqf)
    _fcmpeq                                  0x08006fb9   Thumb Code   104  feqf.o(x$fpl$feqf)
    __aeabi_f2iz                             0x08007021   Thumb Code     0  ffix.o(x$fpl$ffix)
    _ffix                                    0x08007021   Thumb Code    54  ffix.o(x$fpl$ffix)
    __aeabi_f2uiz                            0x08007059   Thumb Code     0  ffixu.o(x$fpl$ffixu)
    _ffixu                                   0x08007059   Thumb Code    62  ffixu.o(x$fpl$ffixu)
    __aeabi_i2f                              0x08007099   Thumb Code     0  fflt_clz.o(x$fpl$fflt)
    _fflt                                    0x08007099   Thumb Code    48  fflt_clz.o(x$fpl$fflt)
    __aeabi_ui2f                             0x080070c9   Thumb Code     0  fflt_clz.o(x$fpl$ffltu)
    _ffltu                                   0x080070c9   Thumb Code    38  fflt_clz.o(x$fpl$ffltu)
    __aeabi_cfcmple                          0x080070f1   Thumb Code     0  fleqf.o(x$fpl$fleqf)
    _fcmple                                  0x080070f1   Thumb Code   104  fleqf.o(x$fpl$fleqf)
    __fpl_fcmple_InfNaN                      0x08007143   Thumb Code     0  fleqf.o(x$fpl$fleqf)
    __aeabi_fmul                             0x08007159   Thumb Code     0  fmul.o(x$fpl$fmul)
    _fmul                                    0x08007159   Thumb Code   258  fmul.o(x$fpl$fmul)
    __fpl_fnaninf                            0x0800725b   Thumb Code   140  fnaninf.o(x$fpl$fnaninf)
    __fpl_fretinf                            0x080072e7   Thumb Code    10  fretinf.o(x$fpl$fretinf)
    __aeabi_cfrcmple                         0x080072f1   Thumb Code     0  frleqf.o(x$fpl$frleqf)
    _frcmple                                 0x080072f1   Thumb Code    98  frleqf.o(x$fpl$frleqf)
    __aeabi_fsub                             0x08007355   Thumb Code     0  faddsub_clz.o(x$fpl$fsub)
    _fsub                                    0x08007355   Thumb Code   234  faddsub_clz.o(x$fpl$fsub)
    __fpl_return_NaN                         0x0800743f   Thumb Code   100  retnan.o(x$fpl$retnan)
    __ARM_scalbn                             0x080074a3   Thumb Code    92  scalbn.o(x$fpl$scalbn)
    __fpl_cmpreturn                          0x080074ff   Thumb Code    48  trapv.o(x$fpl$trapveneer)
    __I$use$fp                               0x0800752e   Number         0  usenofp.o(x$fpl$usenofp)
    __mathlib_zero                           0x08007618   Data           8  qnan.o(.constdata)
    Region$$Table$$Base                      0x08007620   Number         0  anon$$obj.o(Region$$Table)
    Region$$Table$$Limit                     0x08007640   Number         0  anon$$obj.o(Region$$Table)
    SystemCoreClock                          0x20000000   Data           4  system_stm32f10x.o(.data)
    AHBPrescTable                            0x20000004   Data          16  system_stm32f10x.o(.data)
    SYS_INIT_OK                              0x20000028   Data           1  bsp.o(.data)
    VirtAddVarTab                            0x2000002a   Data          30  bsp.o(.data)
    temp                                     0x20000048   Data           2  bsp.o(.data)
    TIM3_IRQCNT                              0x2000004c   Data           4  tim.o(.data)
    floattobyte                              0x20000050   Data           4  usart.o(.data)
    TxCounter                                0x20000054   Data           1  usart.o(.data)
    count                                    0x20000055   Data           1  usart.o(.data)
    Rx_Act                                   0x20000056   Data           1  usart.o(.data)
    Rx_Adr                                   0x20000057   Data           1  usart.o(.data)
    Rx_Ok0                                   0x20000058   Data           1  usart.o(.data)
    Rx_Ok1                                   0x20000059   Data           1  usart.o(.data)
    TX_ADDRESS                               0x2000005a   Data           5  nrf24l01.o(.data)
    RX_ADDRESS                               0x2000005f   Data           5  nrf24l01.o(.data)
    DataVar                                  0x20000064   Data           2  eeprom.o(.data)
    CurWrAddress                             0x20000068   Data           4  eeprom.o(.data)
    ADC_ConvertedValue                       0x2000006c   Data           2  adc.o(.data)
    GYRO_OFFSET                              0x20000074   Data           6  i2c_mpu6050.o(.data)
    ACC_OFFSET                               0x2000007a   Data           6  i2c_mpu6050.o(.data)
    GYRO_OFFSET_OK                           0x20000080   Data           1  i2c_mpu6050.o(.data)
    ACC_OFFSET_OK                            0x20000081   Data           1  i2c_mpu6050.o(.data)
    MPU6050_ACC_LAST                         0x20000082   Data           6  i2c_mpu6050.o(.data)
    MPU6050_GYRO_LAST                        0x20000088   Data           6  i2c_mpu6050.o(.data)
    RC_Target_ROL                            0x200000b0   Data           4  rc.o(.data)
    RC_Target_PIT                            0x200000b4   Data           4  rc.o(.data)
    RC_Target_YAW                            0x200000b8   Data           4  rc.o(.data)
    QH                                       0x200000bc   Data           2  rc.o(.data)
    ZY                                       0x200000be   Data           2  rc.o(.data)
    XZ                                       0x200000c0   Data           2  rc.o(.data)
    ACC_AVG                                  0x200000c8   Data           6  imu.o(.data)
    q0                                       0x200000d0   Data           4  imu.o(.data)
    q1                                       0x200000d4   Data           4  imu.o(.data)
    q2                                       0x200000d8   Data           4  imu.o(.data)
    q3                                       0x200000dc   Data           4  imu.o(.data)
    exInt                                    0x200000e0   Data           4  imu.o(.data)
    eyInt                                    0x200000e4   Data           4  imu.o(.data)
    ezInt                                    0x200000e8   Data           4  imu.o(.data)
    ARMED                                    0x200000ed   Data           1  control.o(.data)
    TxBuffer                                 0x200000f0   Data         255  usart.o(.bss)
    Rx_Buf                                   0x200001ef   Data          64  usart.o(.bss)
    NRF24L01_RXDATA                          0x2000022f   Data          32  nrf24l01.o(.bss)
    NRF24L01_TXDATA                          0x2000024f   Data          32  nrf24l01.o(.bss)
    mpu6050_buffer                           0x2000026f   Data          14  i2c_mpu6050.o(.bss)
    Rc_Get                                   0x2000027e   Data          18  rc.o(.bss)
    GYRO_I                                   0x20000290   Data          12  imu.o(.bss)
    EXP_ANGLE                                0x2000029c   Data          12  imu.o(.bss)
    DIF_ANGLE                                0x200002a8   Data          12  imu.o(.bss)
    Q_ANGLE                                  0x200002b4   Data          12  imu.o(.bss)
    ACC_X_BUF                                0x200002c0   Data          40  imu.o(.bss)
    ACC_Y_BUF                                0x200002e8   Data          40  imu.o(.bss)
    ACC_Z_BUF                                0x20000310   Data          40  imu.o(.bss)
    PID_ROL                                  0x20000338   Data          32  control.o(.bss)
    PID_PIT                                  0x20000358   Data          32  control.o(.bss)
    PID_YAW                                  0x20000378   Data          32  control.o(.bss)
    __libspace_start                         0x20000398   Data          96  libspace.o(.bss)
    __temporary_stack_top$libspace           0x200003f8   Data           0  libspace.o(.bss)



==============================================================================

Memory Map of the image

  Image Entry point : 0x080000ed

  Load Region LR_IROM1 (Base: 0x08000000, Size: 0x00007730, Max: 0x00010000, ABSOLUTE)

    Execution Region ER_IROM1 (Base: 0x08000000, Size: 0x00007640, Max: 0x00010000, ABSOLUTE)

    Base Addr    Size         Type   Attr      Idx    E Section Name        Object

    0x08000000   0x000000ec   Data   RO            3    RESET               startup_stm32f10x_md.o
    0x080000ec   0x00000008   Code   RO          638  * !!!main             c_w.l(__main.o)
    0x080000f4   0x00000034   Code   RO          935    !!!scatter          c_w.l(__scatter.o)
    0x08000128   0x0000001a   Code   RO          937    !!handler_copy      c_w.l(__scatter_copy.o)
    0x08000142   0x00000002   PAD
    0x08000144   0x0000001c   Code   RO          939    !!handler_zi        c_w.l(__scatter_zi.o)
    0x08000160   0x00000002   Code   RO          805    .ARM.Collect$$libinit$$00000000  c_w.l(libinit.o)
    0x08000162   0x00000000   Code   RO          811    .ARM.Collect$$libinit$$00000002  c_w.l(libinit2.o)
    0x08000162   0x00000000   Code   RO          813    .ARM.Collect$$libinit$$00000004  c_w.l(libinit2.o)
    0x08000162   0x00000000   Code   RO          816    .ARM.Collect$$libinit$$0000000A  c_w.l(libinit2.o)
    0x08000162   0x00000000   Code   RO          818    .ARM.Collect$$libinit$$0000000C  c_w.l(libinit2.o)
    0x08000162   0x00000000   Code   RO          820    .ARM.Collect$$libinit$$0000000E  c_w.l(libinit2.o)
    0x08000162   0x00000000   Code   RO          823    .ARM.Collect$$libinit$$00000011  c_w.l(libinit2.o)
    0x08000162   0x00000000   Code   RO          825    .ARM.Collect$$libinit$$00000013  c_w.l(libinit2.o)
    0x08000162   0x00000000   Code   RO          827    .ARM.Collect$$libinit$$00000015  c_w.l(libinit2.o)
    0x08000162   0x00000000   Code   RO          829    .ARM.Collect$$libinit$$00000017  c_w.l(libinit2.o)
    0x08000162   0x00000000   Code   RO          831    .ARM.Collect$$libinit$$00000019  c_w.l(libinit2.o)
    0x08000162   0x00000000   Code   RO          833    .ARM.Collect$$libinit$$0000001B  c_w.l(libinit2.o)
    0x08000162   0x00000000   Code   RO          835    .ARM.Collect$$libinit$$0000001D  c_w.l(libinit2.o)
    0x08000162   0x00000000   Code   RO          837    .ARM.Collect$$libinit$$0000001F  c_w.l(libinit2.o)
    0x08000162   0x00000000   Code   RO          839    .ARM.Collect$$libinit$$00000021  c_w.l(libinit2.o)
    0x08000162   0x00000000   Code   RO          841    .ARM.Collect$$libinit$$00000023  c_w.l(libinit2.o)
    0x08000162   0x00000000   Code   RO          843    .ARM.Collect$$libinit$$00000025  c_w.l(libinit2.o)
    0x08000162   0x00000000   Code   RO          847    .ARM.Collect$$libinit$$0000002C  c_w.l(libinit2.o)
    0x08000162   0x00000000   Code   RO          849    .ARM.Collect$$libinit$$0000002E  c_w.l(libinit2.o)
    0x08000162   0x00000000   Code   RO          851    .ARM.Collect$$libinit$$00000030  c_w.l(libinit2.o)
    0x08000162   0x00000000   Code   RO          853    .ARM.Collect$$libinit$$00000032  c_w.l(libinit2.o)
    0x08000162   0x00000002   Code   RO          854    .ARM.Collect$$libinit$$00000033  c_w.l(libinit2.o)
    0x08000164   0x00000002   Code   RO          876    .ARM.Collect$$libshutdown$$00000000  c_w.l(libshutdown.o)
    0x08000166   0x00000000   Code   RO          890    .ARM.Collect$$libshutdown$$00000003  c_w.l(libshutdown2.o)
    0x08000166   0x00000000   Code   RO          893    .ARM.Collect$$libshutdown$$00000006  c_w.l(libshutdown2.o)
    0x08000166   0x00000000   Code   RO          896    .ARM.Collect$$libshutdown$$00000009  c_w.l(libshutdown2.o)
    0x08000166   0x00000000   Code   RO          898    .ARM.Collect$$libshutdown$$0000000B  c_w.l(libshutdown2.o)
    0x08000166   0x00000000   Code   RO          901    .ARM.Collect$$libshutdown$$0000000E  c_w.l(libshutdown2.o)
    0x08000166   0x00000002   Code   RO          902    .ARM.Collect$$libshutdown$$0000000F  c_w.l(libshutdown2.o)
    0x08000168   0x00000000   Code   RO          716    .ARM.Collect$$rtentry$$00000000  c_w.l(__rtentry.o)
    0x08000168   0x00000000   Code   RO          770    .ARM.Collect$$rtentry$$00000002  c_w.l(__rtentry2.o)
    0x08000168   0x00000006   Code   RO          782    .ARM.Collect$$rtentry$$00000004  c_w.l(__rtentry4.o)
    0x0800016e   0x00000000   Code   RO          772    .ARM.Collect$$rtentry$$00000009  c_w.l(__rtentry2.o)
    0x0800016e   0x00000004   Code   RO          773    .ARM.Collect$$rtentry$$0000000A  c_w.l(__rtentry2.o)
    0x08000172   0x00000000   Code   RO          775    .ARM.Collect$$rtentry$$0000000C  c_w.l(__rtentry2.o)
    0x08000172   0x00000008   Code   RO          776    .ARM.Collect$$rtentry$$0000000D  c_w.l(__rtentry2.o)
    0x0800017a   0x00000002   Code   RO          808    .ARM.Collect$$rtexit$$00000000  c_w.l(rtexit.o)
    0x0800017c   0x00000000   Code   RO          858    .ARM.Collect$$rtexit$$00000002  c_w.l(rtexit2.o)
    0x0800017c   0x00000004   Code   RO          859    .ARM.Collect$$rtexit$$00000003  c_w.l(rtexit2.o)
    0x08000180   0x00000006   Code   RO          860    .ARM.Collect$$rtexit$$00000004  c_w.l(rtexit2.o)
    0x08000186   0x00000002   PAD
    0x08000188   0x00000040   Code   RO            4    .text               startup_stm32f10x_md.o
    0x080001c8   0x000001e4   Code   RO           10    .text               system_stm32f10x.o
    0x080003ac   0x000000dc   Code   RO           82    .text               misc.o
    0x08000488   0x0000035c   Code   RO           98    .text               stm32f10x_gpio.o
    0x080007e4   0x00000e1a   Code   RO          110    .text               stm32f10x_tim.o
    0x080015fe   0x00000002   PAD
    0x08001600   0x00000408   Code   RO          122    .text               stm32f10x_usart.o
    0x08001a08   0x000003a8   Code   RO          134    .text               stm32f10x_rcc.o
    0x08001db0   0x0000030c   Code   RO          148    .text               stm32f10x_spi.o
    0x080020bc   0x000005bc   Code   RO          172    .text               stm32f10x_flash.o
    0x08002678   0x0000044e   Code   RO          184    .text               stm32f10x_adc.o
    0x08002ac6   0x00000002   PAD
    0x08002ac8   0x00000254   Code   RO          196    .text               stm32f10x_dma.o
    0x08002d1c   0x00000324   Code   RO          208    .text               bsp.o
    0x08003040   0x00000080   Code   RO          306    .text               tim.o
    0x080030c0   0x000002c8   Code   RO          324    .text               usart.o
    0x08003388   0x00000114   Code   RO          343    .text               spi.o
    0x0800349c   0x00000150   Code   RO          358    .text               led.o
    0x080035ec   0x0000013c   Code   RO          377    .text               moto.o
    0x08003728   0x00000250   Code   RO          395    .text               nrf24l01.o
    0x08003978   0x000004d8   Code   RO          414    .text               eeprom.o
    0x08003e50   0x00000110   Code   RO          433    .text               adc.o
    0x08003f60   0x00000094   Code   RO          451    .text               main.o
    0x08003ff4   0x00000130   Code   RO          474    .text               stm32f10x_it.o
    0x08004124   0x00000560   Code   RO          526    .text               i2c_mpu6050.o
    0x08004684   0x00000908   Code   RO          572    .text               rc.o
    0x08004f8c   0x00000708   Code   RO          591    .text               imu.o
    0x08005694   0x0000042c   Code   RO          614    .text               control.o
    0x08005ac0   0x00000006   Code   RO          636    .text               c_w.l(heapauxi.o)
    0x08005ac6   0x00000016   Code   RO          717    .text               c_w.l(_rserrno.o)
    0x08005adc   0x00000008   Code   RO          787    .text               c_w.l(rt_errno_addr_intlibspace.o)
    0x08005ae4   0x00000008   Code   RO          793    .text               c_w.l(libspace.o)
    0x08005aec   0x0000004a   Code   RO          796    .text               c_w.l(sys_stackheap_outer.o)
    0x08005b36   0x0000000c   Code   RO          798    .text               c_w.l(exit.o)
    0x08005b42   0x00000002   PAD
    0x08005b44   0x0000000c   Code   RO          868    .text               c_w.l(sys_exit.o)
    0x08005b50   0x00000002   Code   RO          879    .text               c_w.l(use_no_semi.o)
    0x08005b52   0x00000000   Code   RO          881    .text               c_w.l(indicate_semi.o)
    0x08005b52   0x00000028   Code   RO          764    i.__ARM_fpclassify  m_ws.l(fpclassify.o)
    0x08005b7a   0x000000aa   Code   RO          766    i.__kernel_poly     m_ws.l(poly.o)
    0x08005c24   0x00000006   Code   RO          751    i.__mathlib_dbl_infnan  m_ws.l(dunder.o)
    0x08005c2a   0x00000004   Code   RO          752    i.__mathlib_dbl_infnan2  m_ws.l(dunder.o)
    0x08005c2e   0x0000000c   Code   RO          753    i.__mathlib_dbl_invalid  m_ws.l(dunder.o)
    0x08005c3a   0x00000002   PAD
    0x08005c3c   0x00000010   Code   RO          756    i.__mathlib_dbl_underflow  m_ws.l(dunder.o)
    0x08005c4c   0x00000270   Code   RO          691    i.asin              m_ws.l(asin.o)
    0x08005ebc   0x00000220   Code   RO          741    i.atan              m_ws.l(atan.o)
    0x080060dc   0x00000180   Code   RO          701    i.atan2             m_ws.l(atan2.o)
    0x0800625c   0x0000004c   Code   RO          709    i.sqrt              m_ws.l(sqrt.o)
    0x080062a8   0x00000062   Code   RO          640    x$fpl$d2f           fz_ws.l(d2f.o)
    0x0800630a   0x00000002   PAD
    0x0800630c   0x00000150   Code   RO          642    x$fpl$dadd          fz_ws.l(daddsub_clz.o)
    0x0800645c   0x00000010   Code   RO          789    x$fpl$dcheck1       fz_ws.l(dcheck1.o)
    0x0800646c   0x000002b0   Code   RO          720    x$fpl$ddiv          fz_ws.l(ddiv.o)
    0x0800671c   0x0000002e   Code   RO          649    x$fpl$dflt          fz_ws.l(dflt_clz.o)
    0x0800674a   0x00000002   PAD
    0x0800674c   0x00000154   Code   RO          654    x$fpl$dmul          fz_ws.l(dmul.o)
    0x080068a0   0x0000009c   Code   RO          725    x$fpl$dnaninf       fz_ws.l(dnaninf.o)
    0x0800693c   0x0000000c   Code   RO          727    x$fpl$dretinf       fz_ws.l(dretinf.o)
    0x08006948   0x00000016   Code   RO          643    x$fpl$drsb          fz_ws.l(daddsub_clz.o)
    0x0800695e   0x00000002   PAD
    0x08006960   0x000001cc   Code   RO          729    x$fpl$dsqrt         fz_ws.l(dsqrt_noumaal.o)
    0x08006b2c   0x000001d4   Code   RO          644    x$fpl$dsub          fz_ws.l(daddsub_clz.o)
    0x08006d00   0x00000056   Code   RO          656    x$fpl$f2d           fz_ws.l(f2d.o)
    0x08006d56   0x00000002   PAD
    0x08006d58   0x000000c4   Code   RO          658    x$fpl$fadd          fz_ws.l(faddsub_clz.o)
    0x08006e1c   0x00000018   Code   RO          731    x$fpl$fcmpinf       fz_ws.l(fcmpi.o)
    0x08006e34   0x00000184   Code   RO          665    x$fpl$fdiv          fz_ws.l(fdiv.o)
    0x08006fb8   0x00000068   Code   RO          668    x$fpl$feqf          fz_ws.l(feqf.o)
    0x08007020   0x00000036   Code   RO          670    x$fpl$ffix          fz_ws.l(ffix.o)
    0x08007056   0x00000002   PAD
    0x08007058   0x0000003e   Code   RO          674    x$fpl$ffixu         fz_ws.l(ffixu.o)
    0x08007096   0x00000002   PAD
    0x08007098   0x00000030   Code   RO          679    x$fpl$fflt          fz_ws.l(fflt_clz.o)
    0x080070c8   0x00000026   Code   RO          678    x$fpl$ffltu         fz_ws.l(fflt_clz.o)
    0x080070ee   0x00000002   PAD
    0x080070f0   0x00000068   Code   RO          684    x$fpl$fleqf         fz_ws.l(fleqf.o)
    0x08007158   0x00000102   Code   RO          686    x$fpl$fmul          fz_ws.l(fmul.o)
    0x0800725a   0x0000008c   Code   RO          733    x$fpl$fnaninf       fz_ws.l(fnaninf.o)
    0x080072e6   0x0000000a   Code   RO          735    x$fpl$fretinf       fz_ws.l(fretinf.o)
    0x080072f0   0x00000062   Code   RO          688    x$fpl$frleqf        fz_ws.l(frleqf.o)
    0x08007352   0x00000002   PAD
    0x08007354   0x000000ea   Code   RO          660    x$fpl$fsub          fz_ws.l(faddsub_clz.o)
    0x0800743e   0x00000064   Code   RO          806    x$fpl$retnan        fz_ws.l(retnan.o)
    0x080074a2   0x0000005c   Code   RO          737    x$fpl$scalbn        fz_ws.l(scalbn.o)
    0x080074fe   0x00000030   Code   RO          855    x$fpl$trapveneer    fz_ws.l(trapv.o)
    0x0800752e   0x00000000   Code   RO          739    x$fpl$usenofp       fz_ws.l(usenofp.o)
    0x0800752e   0x00000002   PAD
    0x08007530   0x00000050   Data   RO          692    .constdata          m_ws.l(asin.o)
    0x08007580   0x00000098   Data   RO          742    .constdata          m_ws.l(atan.o)
    0x08007618   0x00000008   Data   RO          768    .constdata          m_ws.l(qnan.o)
    0x08007620   0x00000020   Data   RO          933    Region$$Table       anon$$obj.o


    Execution Region RW_IRAM1 (Base: 0x20000000, Size: 0x000009f8, Max: 0x00005000, ABSOLUTE)

    Base Addr    Size         Type   Attr      Idx    E Section Name        Object

    0x20000000   0x00000014   Data   RW           11    .data               system_stm32f10x.o
    0x20000014   0x00000014   Data   RW          135    .data               stm32f10x_rcc.o
    0x20000028   0x00000022   Data   RW          209    .data               bsp.o
    0x2000004a   0x00000002   PAD
    0x2000004c   0x00000004   Data   RW          307    .data               tim.o
    0x20000050   0x0000000a   Data   RW          326    .data               usart.o
    0x2000005a   0x0000000a   Data   RW          397    .data               nrf24l01.o
    0x20000064   0x00000008   Data   RW          415    .data               eeprom.o
    0x2000006c   0x00000002   Data   RW          434    .data               adc.o
    0x2000006e   0x00000003   Data   RW          475    .data               stm32f10x_it.o
    0x20000071   0x00000003   PAD
    0x20000074   0x00000039   Data   RW          528    .data               i2c_mpu6050.o
    0x200000ad   0x00000003   PAD
    0x200000b0   0x00000017   Data   RW          574    .data               rc.o
    0x200000c7   0x00000001   PAD
    0x200000c8   0x00000025   Data   RW          593    .data               imu.o
    0x200000ed   0x00000001   Data   RW          616    .data               control.o
    0x200000ee   0x00000002   PAD
    0x200000f0   0x0000013f   Zero   RW          325    .bss                usart.o
    0x2000022f   0x00000040   Zero   RW          396    .bss                nrf24l01.o
    0x2000026f   0x0000000e   Zero   RW          527    .bss                i2c_mpu6050.o
    0x2000027d   0x00000001   PAD
    0x2000027e   0x00000012   Zero   RW          573    .bss                rc.o
    0x20000290   0x000000a8   Zero   RW          592    .bss                imu.o
    0x20000338   0x00000060   Zero   RW          615    .bss                control.o
    0x20000398   0x00000060   Zero   RW          794    .bss                c_w.l(libspace.o)
    0x200003f8   0x00000200   Zero   RW            2    HEAP                startup_stm32f10x_md.o
    0x200005f8   0x00000400   Zero   RW            1    STACK               startup_stm32f10x_md.o


==============================================================================

Image component sizes


      Code (inc. data)   RO Data    RW Data    ZI Data      Debug   Object Name

       272         16          0          2          0       1525   adc.o
       804         30          0         34          0     274240   bsp.o
      1068         50          0          1         96       2331   control.o
      1240         40          0          8          0       5126   eeprom.o
      1376         74          0         57         14       5477   i2c_mpu6050.o
      1800        138          0         37        168       3483   imu.o
       336         12          0          0          0        914   led.o
       148         28          0          0          0        648   main.o
       220         22          0          0          0       1789   misc.o
       316         18          0          0          0       1193   moto.o
       592         18          0         10         64       3222   nrf24l01.o
      2312        154          0         23         18       3805   rc.o
       276         14          0          0          0        847   spi.o
        64         26        236          0       1536        840   startup_stm32f10x_md.o
      1102         26          0          0          0      10825   stm32f10x_adc.o
       596          8          0          0          0       4322   stm32f10x_dma.o
      1468         34          0          0          0       8022   stm32f10x_flash.o
       860         38          0          0          0       5633   stm32f10x_gpio.o
       304         62          0          3          0       1724   stm32f10x_it.o
       936         40          0         20          0       8828   stm32f10x_rcc.o
       780         14          0          0          0       6518   stm32f10x_spi.o
      3610         88          0          0          0      22124   stm32f10x_tim.o
      1032         22          0          0          0       8360   stm32f10x_usart.o
       484         42          0         20          0     285391   system_stm32f10x.o
       128          6          0          4          0       1003   tim.o
       712         46          0         10        319       2993   usart.o

    ----------------------------------------------------------------------
     22840       1066        268        240       2216     671183   Object Totals
         0          0         32          0          0          0   (incl. Generated)
         4          0          0         11          1          0   (incl. Padding)

    ----------------------------------------------------------------------

      Code (inc. data)   RO Data    RW Data    ZI Data      Debug   Library Member Name

         8          0          0          0          0         68   __main.o
         0          0          0          0          0          0   __rtentry.o
        12          0          0          0          0          0   __rtentry2.o
         6          0          0          0          0          0   __rtentry4.o
        52          8          0          0          0          0   __scatter.o
        26          0          0          0          0          0   __scatter_copy.o
        28          0          0          0          0          0   __scatter_zi.o
        22          0          0          0          0        100   _rserrno.o
        12          0          0          0          0         72   exit.o
         6          0          0          0          0        152   heapauxi.o
         0          0          0          0          0          0   indicate_semi.o
         2          0          0          0          0          0   libinit.o
         2          0          0          0          0          0   libinit2.o
         2          0          0          0          0          0   libshutdown.o
         2          0          0          0          0          0   libshutdown2.o
         8          4          0          0         96         68   libspace.o
         8          4          0          0          0         68   rt_errno_addr_intlibspace.o
         2          0          0          0          0          0   rtexit.o
        10          0          0          0          0          0   rtexit2.o
        12          4          0          0          0         68   sys_exit.o
        74          0          0          0          0         80   sys_stackheap_outer.o
         2          0          0          0          0         68   use_no_semi.o
        98          4          0          0          0         92   d2f.o
       826         16          0          0          0        348   daddsub_clz.o
        16          4          0          0          0         68   dcheck1.o
       688        140          0          0          0        208   ddiv.o
        46          0          0          0          0         68   dflt_clz.o
       340         12          0          0          0        104   dmul.o
       156          4          0          0          0         92   dnaninf.o
        12          0          0          0          0         68   dretinf.o
       460         56          0          0          0        120   dsqrt_noumaal.o
        86          4          0          0          0         84   f2d.o
       430          8          0          0          0        168   faddsub_clz.o
        24          0          0          0          0         68   fcmpi.o
       388         76          0          0          0         96   fdiv.o
       104          4          0          0          0         84   feqf.o
        54          4          0          0          0         84   ffix.o
        62          4          0          0          0         84   ffixu.o
        86          0          0          0          0        136   fflt_clz.o
       104          4          0          0          0         84   fleqf.o
       258          4          0          0          0         84   fmul.o
       140          4          0          0          0         84   fnaninf.o
        10          0          0          0          0         68   fretinf.o
        98          0          0          0          0         68   frleqf.o
       100          0          0          0          0         68   retnan.o
        92          0          0          0          0         68   scalbn.o
        48          0          0          0          0         68   trapv.o
         0          0          0          0          0          0   usenofp.o
       624         52         80          0          0        168   asin.o
       544         70        152          0          0        124   atan.o
       384         38          0          0          0        144   atan2.o
        38          6          0          0          0        272   dunder.o
        40          0          0          0          0         68   fpclassify.o
       170          0          0          0          0         96   poly.o
         0          0          8          0          0          0   qnan.o
        76          0          0          0          0         84   sqrt.o

    ----------------------------------------------------------------------
      6924        534        240          0         96       4264   Library Totals
        26          0          0          0          0          0   (incl. Padding)

    ----------------------------------------------------------------------

      Code (inc. data)   RO Data    RW Data    ZI Data      Debug   Library Name

       296         20          0          0         96        744   c_w.l
      4726        348          0          0          0       2564   fz_ws.l
      1876        166        240          0          0        956   m_ws.l

    ----------------------------------------------------------------------
      6924        534        240          0         96       4264   Library Totals

    ----------------------------------------------------------------------

==============================================================================


      Code (inc. data)   RO Data    RW Data    ZI Data      Debug   

     29764       1600        508        240       2312     670919   Grand Totals
     29764       1600        508        240       2312     670919   ELF Image Totals
     29764       1600        508        240          0          0   ROM Totals

==============================================================================

    Total RO  Size (Code + RO Data)                30272 (  29.56kB)
    Total RW  Size (RW Data + ZI Data)              2552 (   2.49kB)
    Total ROM Size (Code + RO Data + RW Data)      30512 (  29.80kB)

==============================================================================

